Component: ARM Compiler 5.06 update 7 (build 960) Tool: armlink [4d3601]

==============================================================================

Section Cross References

    es_wifi.o(i.AT_ExecuteCommand) refers to strlen.o(.text) for strlen
    es_wifi.o(i.AT_ExecuteCommand) refers to strstr.o(.text) for strstr
    es_wifi.o(i.AT_ParseAP) refers to strlen.o(.text) for strlen
    es_wifi.o(i.AT_ParseAP) refers to strncpy.o(.text) for strncpy
    es_wifi.o(i.AT_ParseAP) refers to es_wifi.o(i.ParseMAC) for ParseMAC
    es_wifi.o(i.AT_ParseAP) refers to es_wifi.o(i.ParseNumber) for ParseNumber
    es_wifi.o(i.AT_ParseAP) refers to es_wifi.o(i.ParseSecurity) for ParseSecurity
    es_wifi.o(i.AT_ParseAP) refers to strtok_r.o(.text) for strtok
    es_wifi.o(i.AT_ParseConnSettings) refers to strtok_r.o(.text) for strtok
    es_wifi.o(i.AT_ParseConnSettings) refers to strncpy.o(.text) for strncpy
    es_wifi.o(i.AT_ParseConnSettings) refers to es_wifi.o(i.ParseNumber) for ParseNumber
    es_wifi.o(i.AT_ParseConnSettings) refers to es_wifi.o(i.ParseIP) for ParseIP
    es_wifi.o(i.AT_ParseInfo) refers to es_wifi.o(i.ParseNumber) for ParseNumber
    es_wifi.o(i.AT_ParseInfo) refers to strtok_r.o(.text) for strtok
    es_wifi.o(i.AT_ParseInfo) refers to strncpy.o(.text) for strncpy
    es_wifi.o(i.AT_ParseSingleAP) refers to strlen.o(.text) for strlen
    es_wifi.o(i.AT_ParseSingleAP) refers to strncpy.o(.text) for strncpy
    es_wifi.o(i.AT_ParseSingleAP) refers to es_wifi.o(i.ParseMAC) for ParseMAC
    es_wifi.o(i.AT_ParseSingleAP) refers to es_wifi.o(i.ParseNumber) for ParseNumber
    es_wifi.o(i.AT_ParseSingleAP) refers to es_wifi.o(i.ParseSecurity) for ParseSecurity
    es_wifi.o(i.AT_ParseSingleAP) refers to strtok_r.o(.text) for strtok
    es_wifi.o(i.AT_ParseSingleAP) refers to es_wifi.o(i.AT_ParseInfo) for i.AT_ParseInfo
    es_wifi.o(i.AT_ParseSystemConfig) refers to es_wifi.o(i.ParseNumber) for ParseNumber
    es_wifi.o(i.AT_ParseSystemConfig) refers to es_wifi.o(i.ParseMAC) for ParseMAC
    es_wifi.o(i.AT_ParseSystemConfig) refers to es_wifi.o(i.ParseIP) for ParseIP
    es_wifi.o(i.AT_ParseSystemConfig) refers to strtok_r.o(.text) for strtok
    es_wifi.o(i.AT_ParseTransportSettings) refers to strtok_r.o(.text) for strtok
    es_wifi.o(i.AT_ParseTransportSettings) refers to es_wifi.o(i.ParseNumber) for ParseNumber
    es_wifi.o(i.AT_ParseTransportSettings) refers to es_wifi.o(i.ParseIP) for ParseIP
    es_wifi.o(i.AT_RequestReceiveData) refers to strlen.o(.text) for strlen
    es_wifi.o(i.AT_RequestReceiveData) refers to strstr.o(.text) for strstr
    es_wifi.o(i.AT_RequestReceiveData) refers to memcpya.o(.text) for __aeabi_memcpy
    es_wifi.o(i.AT_RequestReceiveData) refers to memcmp.o(.text) for memcmp
    es_wifi.o(i.AT_RequestSendData) refers to strlen.o(.text) for strlen
    es_wifi.o(i.AT_RequestSendData) refers to strstr.o(.text) for strstr
    es_wifi.o(i.ES_WIFI_ActivateAP) refers to printfa.o(i.__0sprintf) for __2sprintf
    es_wifi.o(i.ES_WIFI_ActivateAP) refers to es_wifi.o(i.AT_ExecuteCommand) for AT_ExecuteCommand
    es_wifi.o(i.ES_WIFI_ActivateAP) refers to strstr.o(.text) for strstr
    es_wifi.o(i.ES_WIFI_ActivateAP) refers to strtok_r.o(.text) for strtok_r
    es_wifi.o(i.ES_WIFI_ActivateAP) refers to strncpy.o(.text) for strncpy
    es_wifi.o(i.ES_WIFI_ActivateAP) refers to es_wifi.o(i.ParseIP) for ParseIP
    es_wifi.o(i.ES_WIFI_CloseServerConnection) refers to printfa.o(i.__0sprintf) for __2sprintf
    es_wifi.o(i.ES_WIFI_CloseServerConnection) refers to es_wifi.o(i.AT_ExecuteCommand) for AT_ExecuteCommand
    es_wifi.o(i.ES_WIFI_Connect) refers to printfa.o(i.__0sprintf) for __2sprintf
    es_wifi.o(i.ES_WIFI_Connect) refers to es_wifi.o(i.AT_ExecuteCommand) for AT_ExecuteCommand
    es_wifi.o(i.ES_WIFI_DNS_LookUp) refers to printfa.o(i.__0sprintf) for __2sprintf
    es_wifi.o(i.ES_WIFI_DNS_LookUp) refers to es_wifi.o(i.AT_ExecuteCommand) for AT_ExecuteCommand
    es_wifi.o(i.ES_WIFI_DNS_LookUp) refers to strtok_r.o(.text) for strtok
    es_wifi.o(i.ES_WIFI_DNS_LookUp) refers to es_wifi.o(i.ParseIP) for ParseIP
    es_wifi.o(i.ES_WIFI_Disconnect) refers to printfa.o(i.__0sprintf) for __2sprintf
    es_wifi.o(i.ES_WIFI_Disconnect) refers to es_wifi.o(i.AT_ExecuteCommand) for AT_ExecuteCommand
    es_wifi.o(i.ES_WIFI_GetAPIRev) refers to strncpy.o(.text) for strncpy
    es_wifi.o(i.ES_WIFI_GetFWRevID) refers to strncpy.o(.text) for strncpy
    es_wifi.o(i.ES_WIFI_GetMACAddress) refers to printfa.o(i.__0sprintf) for __2sprintf
    es_wifi.o(i.ES_WIFI_GetMACAddress) refers to es_wifi.o(i.AT_ExecuteCommand) for AT_ExecuteCommand
    es_wifi.o(i.ES_WIFI_GetMACAddress) refers to strtok_r.o(.text) for strtok
    es_wifi.o(i.ES_WIFI_GetMACAddress) refers to es_wifi.o(i.ParseMAC) for ParseMAC
    es_wifi.o(i.ES_WIFI_GetNetworkSettings) refers to printfa.o(i.__0sprintf) for __2sprintf
[...]
    i._printf_pre_padding                    0x080073ae   Section        0  printfa.o(i._printf_pre_padding)
    _printf_pre_padding                      0x080073af   Thumb Code    46  printfa.o(i._printf_pre_padding)
    i._sputc                                 0x080073dc   Section        0  printfa.o(i._sputc)
    _sputc                                   0x080073dd   Thumb Code    10  printfa.o(i._sputc)
    i.fgetc                                  0x080073e8   Section        0  main.o(i.fgetc)
    i.fputc                                  0x08007410   Section        0  main.o(i.fputc)
    i.getc                                   0x08007428   Section        0  getc.o(i.getc)
    i.gets                                   0x0800742c   Section        0  gets.o(i.gets)
    i.main                                   0x0800745c   Section        0  main.o(i.main)
    i.wait_spi_tx_event                      0x08007740   Section        0  es_wifi_io.o(i.wait_spi_tx_event)
    wait_spi_tx_event                        0x08007741   Thumb Code    42  es_wifi_io.o(i.wait_spi_tx_event)
    i.wifi_connect                           0x08007770   Section        0  main.o(i.wifi_connect)
    wifi_connect                             0x08007771   Thumb Code   342  main.o(i.wifi_connect)
    i.wifi_start                             0x08007a88   Section        0  main.o(i.wifi_start)
    wifi_start                               0x08007a89   Thumb Code    78  main.o(i.wifi_start)
    .constdata                               0x08007b50   Section       64  system_stm32l4xx.o(.constdata)
    .constdata                               0x08007b90   Section        8  system_stm32l4xx.o(.constdata)
    .constdata                               0x08007b98   Section       24  stm32l4xx_hal_uart.o(.constdata)
    .constdata                               0x08007bb0   Section       16  stm32l4s5i_iot01.o(.constdata)
    .conststring                             0x08007bc0   Section      189  main.o(.conststring)
    UNINIT_FIXED_LOC                         0x080ff000   Section      216  main.o(UNINIT_FIXED_LOC)
    .data                                    0x20000000   Section       16  es_wifi_io.o(.data)
    spi_rx_event                             0x20000000   Data           4  es_wifi_io.o(.data)
    spi_tx_event                             0x20000004   Data           4  es_wifi_io.o(.data)
    cmddata_rdy_rising_event                 0x20000008   Data           4  es_wifi_io.o(.data)
    cycle_per_loop                           0x2000000c   Data           4  es_wifi_io.o(.data)
    .data                                    0x20000010   Section      158  main.o(.data)
    button_flag                              0x20000014   Data           1  main.o(.data)
    IP_Addr                                  0x200000a4   Data           4  main.o(.data)
    .data                                    0x200000b0   Section        4  system_stm32l4xx.o(.data)
    .data                                    0x200000b4   Section        8  stm32l4xx_hal_msp.o(.data)
    HAL_RCC_DFSDM1_CLK_ENABLED               0x200000b4   Data           4  stm32l4xx_hal_msp.o(.data)
    DFSDM1_Init                              0x200000b8   Data           4  stm32l4xx_hal_msp.o(.data)
    .data                                    0x200000bc   Section       12  stm32l4xx_hal.o(.data)
    .data                                    0x200000c8   Section        4  stm32l4xx_hal_dfsdm.o(.data)
    v_dfsdm1ChannelCounter                   0x200000c8   Data           4  stm32l4xx_hal_dfsdm.o(.data)
    .data                                    0x200000cc   Section       32  stm32l4xx_hal_flash.o(.data)
    .data                                    0x200000ec   Section       20  stm32l4s5i_iot01.o(.data)
    .data                                    0x20000100   Section        4  stdin.o(.data)
    .data                                    0x20000104   Section        4  strtok_r.o(.data)
    state                                    0x20000104   Data           4  strtok_r.o(.data)
    .data                                    0x20000108   Section        4  stdout.o(.data)
    .bss                                     0x2000010c   Section      100  es_wifi_io.o(.bss)
    .bss                                     0x20000170   Section     2304  wifi.o(.bss)
    .bss                                     0x20000a70   Section     3708  main.o(.bss)
    user_config                              0x200016f0   Data         216  main.o(.bss)
    .bss                                     0x200018ec   Section       96  main.o(.bss)
    .bss                                     0x2000194c   Section       76  stm32l4xx_hal_timebase_tim.o(.bss)
    .bss                                     0x20001998   Section       32  stm32l4xx_hal_dfsdm.o(.bss)
    a_dfsdm1ChannelHandle                    0x20001998   Data          32  stm32l4xx_hal_dfsdm.o(.bss)
    .bss                                     0x200019b8   Section      144  stm32l4s5i_iot01.o(.bss)
    STACK                                    0x20001a48   Section    32512  startup_stm32l4s5xx.o(STACK)

    Global Symbols

    Symbol Name                              Value     Ov Type        Size  Object(Section)

    BuildAttributes$$THM_ISAv4$E$P$D$K$B$S$7EM$VFPi3$EXTD16$VFPS$VFMA$PE$A:L22UL41UL21$X:L11$S22US41US21$IEEE1$IW$USESV6$~STKCKD$USESV7$~SHL$OTIME$ROPI$EBA8$MICROLIB$REQ8$PRES8$EABIv2 0x00000000   Number         0  anon$$obj.o ABSOLUTE
    __ARM_use_no_argv                        0x00000000   Number         0  main.o ABSOLUTE
    _printf_a                                0x00000000   Number         0  stubs.o ABSOLUTE
    _printf_c                                0x00000000   Number         0  stubs.o ABSOLUTE
    _printf_charcount                        0x00000000   Number         0  stubs.o ABSOLUTE
    _printf_d                                0x00000000   Number         0  stubs.o ABSOLUTE
    _printf_e                                0x00000000   Number         0  stubs.o ABSOLUTE
    _printf_f                                0x00000000   Number         0  stubs.o ABSOLUTE
    _printf_flags                            0x00000000   Number         0  stubs.o ABSOLUTE
    _printf_fp_dec                           0x00000000   Number         0  stubs.o ABSOLUTE
    _printf_fp_hex                           0x00000000   Number         0  stubs.o ABSOLUTE
    _printf_g                                0x00000000   Number         0  stubs.o ABSOLUTE
    _printf_i                                0x00000000   Number         0  stubs.o ABSOLUTE
    _printf_int_dec                          0x00000000   Number         0  stubs.o ABSOLUTE
    _printf_l                                0x00000000   Number         0  stubs.o ABSOLUTE
    _printf_lc                               0x00000000   Number         0  stubs.o ABSOLUTE
    _printf_ll                               0x00000000   Number         0  stubs.o ABSOLUTE
    _printf_lld                              0x00000000   Number         0  stubs.o ABSOLUTE
    _printf_lli                              0x00000000   Number         0  stubs.o ABSOLUTE
    _printf_llo                              0x00000000   Number         0  stubs.o ABSOLUTE
    _printf_llu                              0x00000000   Number         0  stubs.o ABSOLUTE
    _printf_llx                              0x00000000   Number         0  stubs.o ABSOLUTE
    _printf_longlong_dec                     0x00000000   Number         0  stubs.o ABSOLUTE
    _printf_longlong_hex                     0x00000000   Number         0  stubs.o ABSOLUTE
    _printf_longlong_oct                     0x00000000   Number         0  stubs.o ABSOLUTE
    _printf_ls                               0x00000000   Number         0  stubs.o ABSOLUTE
    _printf_mbtowc                           0x00000000   Number         0  stubs.o ABSOLUTE
    _printf_n                                0x00000000   Number         0  stubs.o ABSOLUTE
    _printf_o                                0x00000000   Number         0  stubs.o ABSOLUTE
    _printf_p                                0x00000000   Number         0  stubs.o ABSOLUTE
    _printf_percent                          0x00000000   Number         0  stubs.o ABSOLUTE
    _printf_pre_padding                      0x00000000   Number         0  stubs.o ABSOLUTE
    _printf_return_value                     0x00000000   Number         0  stubs.o ABSOLUTE
    _printf_s                                0x00000000   Number         0  stubs.o ABSOLUTE
    _printf_sizespec                         0x00000000   Number         0  stubs.o ABSOLUTE
    _printf_str                              0x00000000   Number         0  stubs.o ABSOLUTE
    _printf_truncate_signed                  0x00000000   Number         0  stubs.o ABSOLUTE
    _printf_truncate_unsigned                0x00000000   Number         0  stubs.o ABSOLUTE
    _printf_u                                0x00000000   Number         0  stubs.o ABSOLUTE
    _printf_wc                               0x00000000   Number         0  stubs.o ABSOLUTE
    _printf_wctomb                           0x00000000   Number         0  stubs.o ABSOLUTE
    _printf_widthprec                        0x00000000   Number         0  stubs.o ABSOLUTE
    _printf_x                                0x00000000   Number         0  stubs.o ABSOLUTE
    __arm_fini_                               - Undefined Weak Reference
    __cpp_initialize__aeabi_                  - Undefined Weak Reference
    __cxa_finalize                            - Undefined Weak Reference
    __decompress                              - Undefined Weak Reference
    _clock_init                               - Undefined Weak Reference
    _microlib_exit                            - Undefined Weak Reference
    __Vectors_Size                           0x000001bc   Number         0  startup_stm32l4s5xx.o ABSOLUTE
    __Vectors                                0x08000000   Data           4  startup_stm32l4s5xx.o(RESET)
    __Vectors_End                            0x080001bc   Data           0  startup_stm32l4s5xx.o(RESET)
    __main                                   0x080001bd   Thumb Code     0  entry.o(.ARM.Collect$$$$00000000)
    _main_stk                                0x080001bd   Thumb Code     0  entry2.o(.ARM.Collect$$$$00000001)
    _main_scatterload                        0x080001c1   Thumb Code     0  entry5.o(.ARM.Collect$$$$00000004)
    __main_after_scatterload                 0x080001c5   Thumb Code     0  entry5.o(.ARM.Collect$$$$00000004)
    _main_clock                              0x080001c5   Thumb Code     0  entry7b.o(.ARM.Collect$$$$00000008)
    _main_cpp_init                           0x080001c5   Thumb Code     0  entry8b.o(.ARM.Collect$$$$0000000A)
    _main_init                               0x080001c5   Thumb Code     0  entry9a.o(.ARM.Collect$$$$0000000B)
    __rt_lib_shutdown_fini                   0x080001cd   Thumb Code     0  entry12b.o(.ARM.Collect$$$$0000000E)
    __rt_final_cpp                           0x080001d1   Thumb Code     0  entry10a.o(.ARM.Collect$$$$0000000F)
    __rt_final_exit                          0x080001d1   Thumb Code     0  entry11a.o(.ARM.Collect$$$$00000011)
    Reset_Handler                            0x080001d5   Thumb Code     8  startup_stm32l4s5xx.o(.text)
    ADC1_IRQHandler                          0x080001ef   Thumb Code     0  startup_stm32l4s5xx.o(.text)
    AES_IRQHandler                           0x080001ef   Thumb Code     0  startup_stm32l4s5xx.o(.text)
    CAN1_RX0_IRQHandler                      0x080001ef   Thumb Code     0  startup_stm32l4s5xx.o(.text)
    CAN1_RX1_IRQHandler                      0x080001ef   Thumb Code     0  startup_stm32l4s5xx.o(.text)
    CAN1_SCE_IRQHandler                      0x080001ef   Thumb Code     0  startup_stm32l4s5xx.o(.text)
    CAN1_TX_IRQHandler                       0x080001ef   Thumb Code     0  startup_stm32l4s5xx.o(.text)
    COMP_IRQHandler                          0x080001ef   Thumb Code     0  startup_stm32l4s5xx.o(.text)
    DCMI_IRQHandler                          0x080001ef   Thumb Code     0  startup_stm32l4s5xx.o(.text)
    DFSDM1_FLT0_IRQHandler                   0x080001ef   Thumb Code     0  startup_stm32l4s5xx.o(.text)
    DFSDM1_FLT1_IRQHandler                   0x080001ef   Thumb Code     0  startup_stm32l4s5xx.o(.text)
    DFSDM1_FLT2_IRQHandler                   0x080001ef   Thumb Code     0  startup_stm32l4s5xx.o(.text)
    DFSDM1_FLT3_IRQHandler                   0x080001ef   Thumb Code     0  startup_stm32l4s5xx.o(.text)
    DMA1_Channel2_IRQHandler                 0x080001ef   Thumb Code     0  startup_stm32l4s5xx.o(.text)
    DMA1_Channel3_IRQHandler                 0x080001ef   Thumb Code     0  startup_stm32l4s5xx.o(.text)
    DMA1_Channel4_IRQHandler                 0x080001ef   Thumb Code     0  startup_stm32l4s5xx.o(.text)
    DMA1_Channel5_IRQHandler                 0x080001ef   Thumb Code     0  startup_stm32l4s5xx.o(.text)
    DMA1_Channel6_IRQHandler                 0x080001ef   Thumb Code     0  startup_stm32l4s5xx.o(.text)
    DMA1_Channel7_IRQHandler                 0x080001ef   Thumb Code     0  startup_stm32l4s5xx.o(.text)
    DMA2D_IRQHandler                         0x080001ef   Thumb Code     0  startup_stm32l4s5xx.o(.text)
    DMA2_Channel1_IRQHandler                 0x080001ef   Thumb Code     0  startup_stm32l4s5xx.o(.text)
    DMA2_Channel2_IRQHandler                 0x080001ef   Thumb Code     0  startup_stm32l4s5xx.o(.text)
    DMA2_Channel3_IRQHandler                 0x080001ef   Thumb Code     0  startup_stm32l4s5xx.o(.text)
    DMA2_Channel4_IRQHandler                 0x080001ef   Thumb Code     0  startup_stm32l4s5xx.o(.text)
    DMA2_Channel5_IRQHandler                 0x080001ef   Thumb Code     0  startup_stm32l4s5xx.o(.text)
    DMA2_Channel6_IRQHandler                 0x080001ef   Thumb Code     0  startup_stm32l4s5xx.o(.text)
    DMA2_Channel7_IRQHandler                 0x080001ef   Thumb Code     0  startup_stm32l4s5xx.o(.text)
    EXTI0_IRQHandler                         0x080001ef   Thumb Code     0  startup_stm32l4s5xx.o(.text)
    EXTI2_IRQHandler                         0x080001ef   Thumb Code     0  startup_stm32l4s5xx.o(.text)
    EXTI3_IRQHandler                         0x080001ef   Thumb Code     0  startup_stm32l4s5xx.o(.text)
    EXTI4_IRQHandler                         0x080001ef   Thumb Code     0  startup_stm32l4s5xx.o(.text)
    EXTI9_5_IRQHandler                       0x080001ef   Thumb Code     0  startup_stm32l4s5xx.o(.text)
    FLASH_IRQHandler                         0x080001ef   Thumb Code     0  startup_stm32l4s5xx.o(.text)
    FMC_IRQHandler                           0x080001ef   Thumb Code     0  startup_stm32l4s5xx.o(.text)
    FPU_IRQHandler                           0x080001ef   Thumb Code     0  startup_stm32l4s5xx.o(.text)
    GFXMMU_IRQHandler                        0x080001ef   Thumb Code     0  startup_stm32l4s5xx.o(.text)
    HASH_CRS_IRQHandler                      0x080001ef   Thumb Code     0  startup_stm32l4s5xx.o(.text)
    I2C1_ER_IRQHandler                       0x080001ef   Thumb Code     0  startup_stm32l4s5xx.o(.text)
    I2C1_EV_IRQHandler                       0x080001ef   Thumb Code     0  startup_stm32l4s5xx.o(.text)
    I2C3_ER_IRQHandler                       0x080001ef   Thumb Code     0  startup_stm32l4s5xx.o(.text)
    I2C3_EV_IRQHandler                       0x080001ef   Thumb Code     0  startup_stm32l4s5xx.o(.text)
    I2C4_ER_IRQHandler                       0x080001ef   Thumb Code     0  startup_stm32l4s5xx.o(.text)
    I2C4_EV_IRQHandler                       0x080001ef   Thumb Code     0  startup_stm32l4s5xx.o(.text)
    LPTIM1_IRQHandler                        0x080001ef   Thumb Code     0  startup_stm32l4s5xx.o(.text)
    LPTIM2_IRQHandler                        0x080001ef   Thumb Code     0  startup_stm32l4s5xx.o(.text)
    LPUART1_IRQHandler                       0x080001ef   Thumb Code     0  startup_stm32l4s5xx.o(.text)
    LTDC_ER_IRQHandler                       0x080001ef   Thumb Code     0  startup_stm32l4s5xx.o(.text)
    LTDC_IRQHandler                          0x080001ef   Thumb Code     0  startup_stm32l4s5xx.o(.text)
    OCTOSPI1_IRQHandler                      0x080001ef   Thumb Code     0  startup_stm32l4s5xx.o(.text)
    OCTOSPI2_IRQHandler                      0x080001ef   Thumb Code     0  startup_stm32l4s5xx.o(.text)
    OTG_FS_IRQHandler                        0x080001ef   Thumb Code     0  startup_stm32l4s5xx.o(.text)
    PVD_PVM_IRQHandler                       0x080001ef   Thumb Code     0  startup_stm32l4s5xx.o(.text)
    RCC_IRQHandler                           0x080001ef   Thumb Code     0  startup_stm32l4s5xx.o(.text)
    RNG_IRQHandler                           0x080001ef   Thumb Code     0  startup_stm32l4s5xx.o(.text)
    RTC_Alarm_IRQHandler                     0x080001ef   Thumb Code     0  startup_stm32l4s5xx.o(.text)
    RTC_WKUP_IRQHandler                      0x080001ef   Thumb Code     0  startup_stm32l4s5xx.o(.text)
    SAI1_IRQHandler                          0x080001ef   Thumb Code     0  startup_stm32l4s5xx.o(.text)
    SAI2_IRQHandler                          0x080001ef   Thumb Code     0  startup_stm32l4s5xx.o(.text)
    SDMMC1_IRQHandler                        0x080001ef   Thumb Code     0  startup_stm32l4s5xx.o(.text)
    SPI1_IRQHandler                          0x080001ef   Thumb Code     0  startup_stm32l4s5xx.o(.text)
    SPI2_IRQHandler                          0x080001ef   Thumb Code     0  startup_stm32l4s5xx.o(.text)
    TAMP_STAMP_IRQHandler                    0x080001ef   Thumb Code     0  startup_stm32l4s5xx.o(.text)
    TIM1_BRK_TIM15_IRQHandler                0x080001ef   Thumb Code     0  startup_stm32l4s5xx.o(.text)
    TIM1_CC_IRQHandler                       0x080001ef   Thumb Code     0  startup_stm32l4s5xx.o(.text)
    TIM1_TRG_COM_TIM17_IRQHandler            0x080001ef   Thumb Code     0  startup_stm32l4s5xx.o(.text)
    TIM3_IRQHandler                          0x080001ef   Thumb Code     0  startup_stm32l4s5xx.o(.text)
    TIM4_IRQHandler                          0x080001ef   Thumb Code     0  startup_stm32l4s5xx.o(.text)
    TIM5_IRQHandler                          0x080001ef   Thumb Code     0  startup_stm32l4s5xx.o(.text)
    TIM6_DAC_IRQHandler                      0x080001ef   Thumb Code     0  startup_stm32l4s5xx.o(.text)
    TIM7_IRQHandler                          0x080001ef   Thumb Code     0  startup_stm32l4s5xx.o(.text)
    TIM8_BRK_IRQHandler                      0x080001ef   Thumb Code     0  startup_stm32l4s5xx.o(.text)
    TIM8_CC_IRQHandler                       0x080001ef   Thumb Code     0  startup_stm32l4s5xx.o(.text)
    TIM8_TRG_COM_IRQHandler                  0x080001ef   Thumb Code     0  startup_stm32l4s5xx.o(.text)
    TIM8_UP_IRQHandler                       0x080001ef   Thumb Code     0  startup_stm32l4s5xx.o(.text)
    TSC_IRQHandler                           0x080001ef   Thumb Code     0  startup_stm32l4s5xx.o(.text)
    UART4_IRQHandler                         0x080001ef   Thumb Code     0  startup_stm32l4s5xx.o(.text)
    UART5_IRQHandler                         0x080001ef   Thumb Code     0  startup_stm32l4s5xx.o(.text)
    USART1_IRQHandler                        0x080001ef   Thumb Code     0  startup_stm32l4s5xx.o(.text)
    USART2_IRQHandler                        0x080001ef   Thumb Code     0  startup_stm32l4s5xx.o(.text)
    USART3_IRQHandler                        0x080001ef   Thumb Code     0  startup_stm32l4s5xx.o(.text)
    WWDG_IRQHandler                          0x080001ef   Thumb Code     0  startup_stm32l4s5xx.o(.text)
    __aeabi_uldivmod                         0x080001f9   Thumb Code    98  uldiv.o(.text)
    __aeabi_memcpy                           0x08000261   Thumb Code    36  memcpya.o(.text)
    __aeabi_memcpy4                          0x08000261   Thumb Code     0  memcpya.o(.text)
    __aeabi_memcpy8                          0x08000261   Thumb Code     0  memcpya.o(.text)
    __aeabi_memset                           0x08000285   Thumb Code    14  memseta.o(.text)
    __aeabi_memset4                          0x08000285   Thumb Code     0  memseta.o(.text)
    __aeabi_memset8                          0x08000285   Thumb Code     0  memseta.o(.text)
    __aeabi_memclr                           0x08000293   Thumb Code     4  memseta.o(.text)
    __aeabi_memclr4                          0x08000293   Thumb Code     0  memseta.o(.text)
    __aeabi_memclr8                          0x08000293   Thumb Code     0  memseta.o(.text)
    _memset$wrapper                          0x08000297   Thumb Code    18  memseta.o(.text)
    strstr                                   0x080002a9   Thumb Code    36  strstr.o(.text)
    strncpy                                  0x080002cd   Thumb Code    24  strncpy.o(.text)
    strlen                                   0x080002e5   Thumb Code    14  strlen.o(.text)
    strcpy                                   0x080002f3   Thumb Code    18  strcpy.o(.text)
    strtok_r                                 0x08000305   Thumb Code    60  strtok_r.o(.text)
    strtok                                   0x08000341   Thumb Code     4  strtok_r.o(.text)
    __aeabi_dadd                             0x08000349   Thumb Code   322  dadd.o(.text)
    __aeabi_dsub                             0x0800048b   Thumb Code     6  dadd.o(.text)
    __aeabi_drsub                            0x08000491   Thumb Code     6  dadd.o(.text)
    __aeabi_dmul                             0x080004a7   Thumb Code   228  dmul.o(.text)
    __aeabi_ddiv                             0x08000591   Thumb Code   222  ddiv.o(.text)
    __aeabi_i2d                              0x0800066f   Thumb Code    34  dflti.o(.text)
    __aeabi_f2d                              0x08000691   Thumb Code    38  f2d.o(.text)
    __aeabi_d2f                              0x080006b7   Thumb Code    56  d2f.o(.text)
    __aeabi_uidiv                            0x080006ef   Thumb Code     0  uidiv.o(.text)
    __aeabi_uidivmod                         0x080006ef   Thumb Code    44  uidiv.o(.text)
    __aeabi_llsl                             0x0800071b   Thumb Code    30  llshl.o(.text)
    _ll_shift_l                              0x0800071b   Thumb Code     0  llshl.o(.text)
    __aeabi_llsr                             0x08000739   Thumb Code    32  llushr.o(.text)
    _ll_ushift_r                             0x08000739   Thumb Code     0  llushr.o(.text)
    __aeabi_lasr                             0x08000759   Thumb Code    36  llsshr.o(.text)
    _ll_sshift_r                             0x08000759   Thumb Code     0  llsshr.o(.text)
    __I$use$fp                               0x0800077d   Thumb Code     0  iusefp.o(.text)
    _float_round                             0x0800077d   Thumb Code    18  fepilogue.o(.text)
    _float_epilogue                          0x0800078f   Thumb Code    92  fepilogue.o(.text)
    _double_round                            0x080007eb   Thumb Code    30  depilogue.o(.text)
    _double_epilogue                         0x08000809   Thumb Code   156  depilogue.o(.text)
    __aeabi_d2ulz                            0x080008a5   Thumb Code    48  dfixul.o(.text)
    __aeabi_cdrcmple                         0x080008d5   Thumb Code    48  cdrcmple.o(.text)
    __scatterload                            0x08000905   Thumb Code    28  init.o(.text)
    __scatterload_rt2                        0x08000905   Thumb Code     0  init.o(.text)
    BSP_COM_Init                             0x08000b89   Thumb Code   156  stm32l4s5i_iot01.o(i.BSP_COM_Init)
    BSP_LED_Init                             0x08000c31   Thumb Code    60  stm32l4s5i_iot01.o(i.BSP_LED_Init)
    BSP_PB_Init                              0x08000c79   Thumb Code   122  stm32l4s5i_iot01.o(i.BSP_PB_Init)
    BusFault_Handler                         0x08000d05   Thumb Code     2  stm32l4xx_it.o(i.BusFault_Handler)
    DMA1_Channel1_IRQHandler                 0x08000df1   Thumb Code     6  stm32l4xx_it.o(i.DMA1_Channel1_IRQHandler)
    DMAMUX1_OVR_IRQHandler                   0x08000dfd   Thumb Code     6  stm32l4xx_it.o(i.DMAMUX1_OVR_IRQHandler)
    DebugMon_Handler                         0x08000eab   Thumb Code     2  stm32l4xx_it.o(i.DebugMon_Handler)
    ES_WIFI_Connect                          0x08000ead   Thumb Code   134  es_wifi.o(i.ES_WIFI_Connect)
    ES_WIFI_GetMACAddress                    0x08000f51   Thumb Code    52  es_wifi.o(i.ES_WIFI_GetMACAddress)
    ES_WIFI_GetNetworkSettings               0x08000f8d   Thumb Code    44  es_wifi.o(i.ES_WIFI_GetNetworkSettings)
    ES_WIFI_Init                             0x08000fbd   Thumb Code    54  es_wifi.o(i.ES_WIFI_Init)
    ES_WIFI_IsConnected                      0x08000ffd   Thumb Code    54  es_wifi.o(i.ES_WIFI_IsConnected)
    ES_WIFI_RegisterBusIO                    0x08001039   Thumb Code    36  es_wifi.o(i.ES_WIFI_RegisterBusIO)
    ES_WIFI_SendData                         0x0800105d   Thumb Code   140  es_wifi.o(i.ES_WIFI_SendData)
    ES_WIFI_StartClientConnection            0x08001115   Thumb Code   256  es_wifi.o(i.ES_WIFI_StartClientConnection)
    EXTI15_10_IRQHandler                     0x0800125d   Thumb Code     8  stm32l4xx_it.o(i.EXTI15_10_IRQHandler)
    EXTI1_IRQHandler                         0x08001265   Thumb Code     6  stm32l4xx_it.o(i.EXTI1_IRQHandler)
    Error_Handler                            0x0800126b   Thumb Code     4  main.o(i.Error_Handler)
    FLASH_Erase_Size                         0x08001271   Thumb Code   110  flash_l4.o(i.FLASH_Erase_Size)
    FLASH_FlushCaches                        0x0800131d   Thumb Code    76  stm32l4xx_hal_flash_ex.o(i.FLASH_FlushCaches)
    FLASH_PageErase                          0x08001429   Thumb Code    54  stm32l4xx_hal_flash_ex.o(i.FLASH_PageErase)
    FLASH_WaitForLastOperation               0x080014ad   Thumb Code    86  stm32l4xx_hal_flash.o(i.FLASH_WaitForLastOperation)
    FLASH_Write                              0x08001511   Thumb Code    90  flash_l4.o(i.FLASH_Write)
    HAL_DFSDM_ChannelInit                    0x080015fd   Thumb Code   236  stm32l4xx_hal_dfsdm.o(i.HAL_DFSDM_ChannelInit)
    HAL_DFSDM_ChannelMspInit                 0x080016f9   Thumb Code   130  stm32l4xx_hal_msp.o(i.HAL_DFSDM_ChannelMspInit)
    HAL_DFSDM_FilterConfigRegChannel         0x08001789   Thumb Code    66  stm32l4xx_hal_dfsdm.o(i.HAL_DFSDM_FilterConfigRegChannel)
    HAL_DFSDM_FilterErrorCallback            0x080017d1   Thumb Code     2  stm32l4xx_hal_dfsdm.o(i.HAL_DFSDM_FilterErrorCallback)
    HAL_DFSDM_FilterInit                     0x080017d5   Thumb Code   248  stm32l4xx_hal_dfsdm.o(i.HAL_DFSDM_FilterInit)
    HAL_DFSDM_FilterMspInit                  0x080018d9   Thumb Code   222  stm32l4xx_hal_msp.o(i.HAL_DFSDM_FilterMspInit)
    HAL_DFSDM_FilterRegConvCpltCallback      0x080019d1   Thumb Code     8  main.o(i.HAL_DFSDM_FilterRegConvCpltCallback)
    HAL_DFSDM_FilterRegConvHalfCpltCallback  0x080019dd   Thumb Code     8  main.o(i.HAL_DFSDM_FilterRegConvHalfCpltCallback)
    HAL_DFSDM_FilterRegularStart_DMA         0x080019e9   Thumb Code   124  stm32l4xx_hal_dfsdm.o(i.HAL_DFSDM_FilterRegularStart_DMA)
    HAL_DMAEx_ConfigMuxSync                  0x08001a71   Thumb Code    80  stm32l4xx_hal_dma_ex.o(i.HAL_DMAEx_ConfigMuxSync)
    HAL_DMAEx_MUX_IRQHandler                 0x08001ac5   Thumb Code   100  stm32l4xx_hal_dma_ex.o(i.HAL_DMAEx_MUX_IRQHandler)
    HAL_DMA_Abort_IT                         0x08001b29   Thumb Code   112  stm32l4xx_hal_dma.o(i.HAL_DMA_Abort_IT)
    HAL_DMA_GetState                         0x08001b99   Thumb Code     6  stm32l4xx_hal_dma.o(i.HAL_DMA_GetState)
    HAL_DMA_IRQHandler                       0x08001b9f   Thumb Code   186  stm32l4xx_hal_dma.o(i.HAL_DMA_IRQHandler)
    HAL_DMA_Init                             0x08001c59   Thumb Code   178  stm32l4xx_hal_dma.o(i.HAL_DMA_Init)
    HAL_DMA_Start_IT                         0x08001d19   Thumb Code   140  stm32l4xx_hal_dma.o(i.HAL_DMA_Start_IT)
    HAL_Delay                                0x08001da5   Thumb Code    32  stm32l4xx_hal.o(i.HAL_Delay)
    HAL_FLASHEx_Erase                        0x08001dc9   Thumb Code   218  stm32l4xx_hal_flash_ex.o(i.HAL_FLASHEx_Erase)
    HAL_FLASH_GetError                       0x08001eb5   Thumb Code     6  stm32l4xx_hal_flash.o(i.HAL_FLASH_GetError)
    HAL_FLASH_Lock                           0x08001ec1   Thumb Code    14  stm32l4xx_hal_flash.o(i.HAL_FLASH_Lock)
    HAL_FLASH_Program                        0x08001ed5   Thumb Code   156  stm32l4xx_hal_flash.o(i.HAL_FLASH_Program)
    HAL_FLASH_Unlock                         0x08001f81   Thumb Code    28  stm32l4xx_hal_flash.o(i.HAL_FLASH_Unlock)
    HAL_GPIO_EXTI_Callback                   0x08001fa9   Thumb Code    24  main.o(i.HAL_GPIO_EXTI_Callback)
    HAL_GPIO_EXTI_IRQHandler                 0x08001fc5   Thumb Code    18  stm32l4xx_hal_gpio.o(i.HAL_GPIO_EXTI_IRQHandler)
    HAL_GPIO_Init                            0x08001fdd   Thumb Code   442  stm32l4xx_hal_gpio.o(i.HAL_GPIO_Init)
    HAL_GPIO_ReadPin                         0x080021c7   Thumb Code    10  stm32l4xx_hal_gpio.o(i.HAL_GPIO_ReadPin)
    HAL_GPIO_WritePin                        0x080021d1   Thumb Code    10  stm32l4xx_hal_gpio.o(i.HAL_GPIO_WritePin)
    HAL_GetTick                              0x080021dd   Thumb Code     6  stm32l4xx_hal.o(i.HAL_GetTick)
    HAL_I2CEx_ConfigAnalogFilter             0x080021e9   Thumb Code    86  stm32l4xx_hal_i2c_ex.o(i.HAL_I2CEx_ConfigAnalogFilter)
    HAL_I2CEx_ConfigDigitalFilter            0x0800223f   Thumb Code    82  stm32l4xx_hal_i2c_ex.o(i.HAL_I2CEx_ConfigDigitalFilter)
    HAL_I2C_AbortCpltCallback                0x08002291   Thumb Code     2  stm32l4xx_hal_i2c.o(i.HAL_I2C_AbortCpltCallback)
    HAL_I2C_AddrCallback                     0x08002293   Thumb Code     2  stm32l4xx_hal_i2c.o(i.HAL_I2C_AddrCallback)
    HAL_I2C_ER_IRQHandler                    0x08002295   Thumb Code   104  stm32l4xx_hal_i2c.o(i.HAL_I2C_ER_IRQHandler)
    HAL_I2C_EV_IRQHandler                    0x080022fd   Thumb Code    16  stm32l4xx_hal_i2c.o(i.HAL_I2C_EV_IRQHandler)
    HAL_I2C_ErrorCallback                    0x0800230d   Thumb Code     2  stm32l4xx_hal_i2c.o(i.HAL_I2C_ErrorCallback)
    HAL_I2C_Init                             0x08002311   Thumb Code   178  stm32l4xx_hal_i2c.o(i.HAL_I2C_Init)
    HAL_I2C_ListenCpltCallback               0x080023c9   Thumb Code     2  stm32l4xx_hal_i2c.o(i.HAL_I2C_ListenCpltCallback)
    HAL_I2C_Master_Receive                   0x080023cd   Thumb Code   282  stm32l4xx_hal_i2c.o(i.HAL_I2C_Master_Receive)
    HAL_I2C_Master_Transmit                  0x080024f9   Thumb Code   282  stm32l4xx_hal_i2c.o(i.HAL_I2C_Master_Transmit)
    HAL_I2C_MspInit                          0x08002625   Thumb Code   148  stm32l4xx_hal_msp.o(i.HAL_I2C_MspInit)
    HAL_I2C_SlaveRxCpltCallback              0x080026c5   Thumb Code     2  stm32l4xx_hal_i2c.o(i.HAL_I2C_SlaveRxCpltCallback)
    HAL_I2C_SlaveTxCpltCallback              0x080026c7   Thumb Code     2  stm32l4xx_hal_i2c.o(i.HAL_I2C_SlaveTxCpltCallback)
    HAL_IncTick                              0x080026c9   Thumb Code    12  stm32l4xx_hal.o(i.HAL_IncTick)
    HAL_Init                                 0x080026d9   Thumb Code    30  stm32l4xx_hal.o(i.HAL_Init)
    HAL_InitTick                             0x080026f9   Thumb Code    98  stm32l4xx_hal_timebase_tim.o(i.HAL_InitTick)
    HAL_MspInit                              0x0800276d   Thumb Code    38  stm32l4xx_hal_msp.o(i.HAL_MspInit)
    HAL_NVIC_EnableIRQ                       0x08002799   Thumb Code    26  stm32l4xx_hal_cortex.o(i.HAL_NVIC_EnableIRQ)
    HAL_NVIC_SetPriority                     0x080027b5   Thumb Code    60  stm32l4xx_hal_cortex.o(i.HAL_NVIC_SetPriority)
    HAL_NVIC_SetPriorityGrouping             0x080027f5   Thumb Code    26  stm32l4xx_hal_cortex.o(i.HAL_NVIC_SetPriorityGrouping)
    HAL_PWREx_GetVoltageRange                0x08002819   Thumb Code    36  stm32l4xx_hal_pwr_ex.o(i.HAL_PWREx_GetVoltageRange)
    HAL_RCCEx_PeriphCLKConfig                0x08002841   Thumb Code  1048  stm32l4xx_hal_rcc_ex.o(i.HAL_RCCEx_PeriphCLKConfig)
    HAL_RCC_ClockConfig                      0x08002c61   Thumb Code   362  stm32l4xx_hal_rcc.o(i.HAL_RCC_ClockConfig)
    HAL_RCC_GetClockConfig                   0x08002de5   Thumb Code    54  stm32l4xx_hal_rcc.o(i.HAL_RCC_GetClockConfig)
    HAL_RCC_GetPCLK1Freq                     0x08002e25   Thumb Code    24  stm32l4xx_hal_rcc.o(i.HAL_RCC_GetPCLK1Freq)
    HAL_RCC_GetPCLK2Freq                     0x08002e49   Thumb Code    24  stm32l4xx_hal_rcc.o(i.HAL_RCC_GetPCLK2Freq)
    HAL_RCC_GetSysClockFreq                  0x08002e6d   Thumb Code   150  stm32l4xx_hal_rcc.o(i.HAL_RCC_GetSysClockFreq)
    HAL_RCC_OscConfig                        0x08002f11   Thumb Code  1390  stm32l4xx_hal_rcc.o(i.HAL_RCC_OscConfig)
    HAL_SPI_DeInit                           0x08003489   Thumb Code    46  stm32l4xx_hal_spi.o(i.HAL_SPI_DeInit)
    HAL_SPI_ErrorCallback                    0x080034b7   Thumb Code     2  stm32l4xx_hal_spi.o(i.HAL_SPI_ErrorCallback)
    HAL_SPI_IRQHandler                       0x080034b9   Thumb Code   246  stm32l4xx_hal_spi.o(i.HAL_SPI_IRQHandler)
    HAL_SPI_Init                             0x080035b5   Thumb Code   284  stm32l4xx_hal_spi.o(i.HAL_SPI_Init)
    HAL_SPI_MspDeInit                        0x080036d1   Thumb Code     2  stm32l4xx_hal_spi.o(i.HAL_SPI_MspDeInit)
    HAL_SPI_MspInit                          0x080036d3   Thumb Code     2  stm32l4xx_hal_spi.o(i.HAL_SPI_MspInit)
    HAL_SPI_Receive                          0x080036d5   Thumb Code   592  stm32l4xx_hal_spi.o(i.HAL_SPI_Receive)
    HAL_SPI_Receive_IT                       0x0800392d   Thumb Code   242  stm32l4xx_hal_spi.o(i.HAL_SPI_Receive_IT)
    HAL_SPI_RxCpltCallback                   0x08003a29   Thumb Code    14  es_wifi_io.o(i.HAL_SPI_RxCpltCallback)
    HAL_SPI_TransmitReceive                  0x08003a3d   Thumb Code   856  stm32l4xx_hal_spi.o(i.HAL_SPI_TransmitReceive)
    HAL_SPI_TransmitReceive_IT               0x08003d9d   Thumb Code   240  stm32l4xx_hal_spi.o(i.HAL_SPI_TransmitReceive_IT)
    HAL_SPI_Transmit_IT                      0x08003e9d   Thumb Code   176  stm32l4xx_hal_spi.o(i.HAL_SPI_Transmit_IT)
    HAL_SPI_TxCpltCallback                   0x08003f55   Thumb Code    14  es_wifi_io.o(i.HAL_SPI_TxCpltCallback)
    HAL_SPI_TxRxCpltCallback                 0x08003f69   Thumb Code     2  stm32l4xx_hal_spi.o(i.HAL_SPI_TxRxCpltCallback)
    HAL_TIMEx_Break2Callback                 0x08003f6b   Thumb Code     2  stm32l4xx_hal_tim_ex.o(i.HAL_TIMEx_Break2Callback)
    HAL_TIMEx_BreakCallback                  0x08003f6d   Thumb Code     2  stm32l4xx_hal_tim_ex.o(i.HAL_TIMEx_BreakCallback)
    HAL_TIMEx_CommutCallback                 0x08003f6f   Thumb Code     2  stm32l4xx_hal_tim_ex.o(i.HAL_TIMEx_CommutCallback)
    HAL_TIM_Base_Init                        0x08003f71   Thumb Code    98  stm32l4xx_hal_tim.o(i.HAL_TIM_Base_Init)
    HAL_TIM_Base_MspInit                     0x08003fd5   Thumb Code    50  stm32l4xx_hal_msp.o(i.HAL_TIM_Base_MspInit)
    HAL_TIM_Base_Start_IT                    0x0800400d   Thumb Code   100  stm32l4xx_hal_tim.o(i.HAL_TIM_Base_Start_IT)
    HAL_TIM_IC_CaptureCallback               0x0800408d   Thumb Code     2  stm32l4xx_hal_tim.o(i.HAL_TIM_IC_CaptureCallback)
    HAL_TIM_IRQHandler                       0x0800408f   Thumb Code   388  stm32l4xx_hal_tim.o(i.HAL_TIM_IRQHandler)
    HAL_TIM_OC_DelayElapsedCallback          0x08004213   Thumb Code     2  stm32l4xx_hal_tim.o(i.HAL_TIM_OC_DelayElapsedCallback)
    HAL_TIM_PWM_PulseFinishedCallback        0x08004215   Thumb Code     2  stm32l4xx_hal_tim.o(i.HAL_TIM_PWM_PulseFinishedCallback)
    HAL_TIM_PeriodElapsedCallback            0x08004219   Thumb Code   254  main.o(i.HAL_TIM_PeriodElapsedCallback)
    HAL_TIM_TriggerCallback                  0x08004329   Thumb Code     2  stm32l4xx_hal_tim.o(i.HAL_TIM_TriggerCallback)
    HAL_UART_Init                            0x0800432b   Thumb Code   106  stm32l4xx_hal_uart.o(i.HAL_UART_Init)
    HAL_UART_MspInit                         0x08004395   Thumb Code     2  stm32l4xx_hal_uart.o(i.HAL_UART_MspInit)
    HAL_UART_Receive                         0x08004399   Thumb Code   250  stm32l4xx_hal_uart.o(i.HAL_UART_Receive)
    HAL_UART_Transmit                        0x08004499   Thumb Code   188  stm32l4xx_hal_uart.o(i.HAL_UART_Transmit)
    HTS221_GetRead                           0x08004555   Thumb Code   212  main.o(i.HTS221_GetRead)
    HTS221_init                              0x08004631   Thumb Code   662  main.o(i.HTS221_init)
    HardFault_Handler                        0x080048d1   Thumb Code     2  stm32l4xx_it.o(i.HardFault_Handler)
    I2C2_ER_IRQHandler                       0x080048d5   Thumb Code     6  stm32l4xx_it.o(i.I2C2_ER_IRQHandler)
    I2C2_EV_IRQHandler                       0x080048e1   Thumb Code     6  stm32l4xx_it.o(i.I2C2_EV_IRQHandler)
    LIS3MDL_GetRead                          0x0800507d   Thumb Code   136  main.o(i.LIS3MDL_GetRead)
    LIS3MDL_init                             0x08005115   Thumb Code    30  main.o(i.LIS3MDL_init)
    LPS22HB_GetRead                          0x0800513d   Thumb Code    92  main.o(i.LPS22HB_GetRead)
    LPS22HB_init                             0x080051a5   Thumb Code    30  main.o(i.LPS22HB_init)
    LSM6DSL_GetRead                          0x080051cd   Thumb Code   332  main.o(i.LSM6DSL_GetRead)
    LSM6DSL_init                             0x08005341   Thumb Code    48  main.o(i.LSM6DSL_init)
    MemManage_Handler                        0x08005449   Thumb Code     2  stm32l4xx_it.o(i.MemManage_Handler)
    NMI_Handler                              0x0800544b   Thumb Code     2  stm32l4xx_it.o(i.NMI_Handler)
    PendSV_Handler                           0x08005547   Thumb Code     2  stm32l4xx_it.o(i.PendSV_Handler)
    SPI3_IRQHandler                          0x08005881   Thumb Code     6  main.o(i.SPI3_IRQHandler)
    SPI_WIFI_DeInit                          0x08005d5d   Thumb Code    12  es_wifi_io.o(i.SPI_WIFI_DeInit)
    SPI_WIFI_Delay                           0x08005d6d   Thumb Code     4  es_wifi_io.o(i.SPI_WIFI_Delay)
    SPI_WIFI_ISR                             0x08005dd9   Thumb Code    14  es_wifi_io.o(i.SPI_WIFI_ISR)
    SPI_WIFI_Init                            0x08005ded   Thumb Code   114  es_wifi_io.o(i.SPI_WIFI_Init)
    SPI_WIFI_MspInit                         0x08005e69   Thumb Code   248  es_wifi_io.o(i.SPI_WIFI_MspInit)
    SPI_WIFI_ReceiveData                     0x08005f75   Thumb Code   236  es_wifi_io.o(i.SPI_WIFI_ReceiveData)
    SPI_WIFI_ResetModule                     0x08006075   Thumb Code   212  es_wifi_io.o(i.SPI_WIFI_ResetModule)
    SPI_WIFI_SendData                        0x08006159   Thumb Code   162  es_wifi_io.o(i.SPI_WIFI_SendData)
    SVC_Handler                              0x0800639d   Thumb Code     2  stm32l4xx_it.o(i.SVC_Handler)
    SysTick_Handler                          0x0800639f   Thumb Code     4  stm32l4xx_it.o(i.SysTick_Handler)
    SystemInit                               0x080063a5   Thumb Code    56  system_stm32l4xx.o(i.SystemInit)
    TIM1_UP_TIM16_IRQHandler                 0x080063e9   Thumb Code     6  stm32l4xx_it.o(i.TIM1_UP_TIM16_IRQHandler)
    TIM2_IRQHandler                          0x080063f5   Thumb Code     6  stm32l4xx_it.o(i.TIM2_IRQHandler)
    TIM_Base_SetConfig                       0x08006401   Thumb Code   160  stm32l4xx_hal_tim.o(i.TIM_Base_SetConfig)
    UART_AdvFeatureConfig                    0x080064c1   Thumb Code   200  stm32l4xx_hal_uart.o(i.UART_AdvFeatureConfig)
    UART_CheckIdleState                      0x08006589   Thumb Code    96  stm32l4xx_hal_uart.o(i.UART_CheckIdleState)
    UART_SetConfig                           0x080065e9   Thumb Code   618  stm32l4xx_hal_uart.o(i.UART_SetConfig)
    UART_WaitOnFlagUntilTimeout              0x08006885   Thumb Code   164  stm32l4xx_hal_uart.o(i.UART_WaitOnFlagUntilTimeout)
    UsageFault_Handler                       0x08006929   Thumb Code     2  stm32l4xx_it.o(i.UsageFault_Handler)
    VL53L0X_GetRead                          0x0800692d   Thumb Code    76  main.o(i.VL53L0X_GetRead)
    VL53L0X_init                             0x08006981   Thumb Code    30  main.o(i.VL53L0X_init)
    WIFI_Connect                             0x080069a9   Thumb Code    32  wifi.o(i.WIFI_Connect)
    WIFI_GetIP_Address                       0x080069cd   Thumb Code    32  wifi.o(i.WIFI_GetIP_Address)
    WIFI_GetMAC_Address                      0x080069f1   Thumb Code    20  wifi.o(i.WIFI_GetMAC_Address)
    WIFI_Init                                0x08006a09   Thumb Code    40  wifi.o(i.WIFI_Init)
    WIFI_OpenClientConnection                0x08006a49   Thumb Code    76  wifi.o(i.WIFI_OpenClientConnection)
    WIFI_SendData                            0x08006a99   Thumb Code    30  wifi.o(i.WIFI_SendData)
    __0printf                                0x08006abd   Thumb Code    22  printfa.o(i.__0printf)
    __1printf                                0x08006abd   Thumb Code     0  printfa.o(i.__0printf)
    __2printf                                0x08006abd   Thumb Code     0  printfa.o(i.__0printf)
    __c89printf                              0x08006abd   Thumb Code     0  printfa.o(i.__0printf)
    printf                                   0x08006abd   Thumb Code     0  printfa.o(i.__0printf)
    __0sprintf                               0x08006add   Thumb Code    34  printfa.o(i.__0sprintf)
    __1sprintf                               0x08006add   Thumb Code     0  printfa.o(i.__0sprintf)
    __2sprintf                               0x08006add   Thumb Code     0  printfa.o(i.__0sprintf)
    __c89sprintf                             0x08006add   Thumb Code     0  printfa.o(i.__0sprintf)
    sprintf                                  0x08006add   Thumb Code     0  printfa.o(i.__0sprintf)
    __scatterload_copy                       0x08006b25   Thumb Code    14  handlers.o(i.__scatterload_copy)
    __scatterload_null                       0x08006b33   Thumb Code     2  handlers.o(i.__scatterload_null)
    __scatterload_zeroinit                   0x08006b35   Thumb Code    14  handlers.o(i.__scatterload_zeroinit)
    fgetc                                    0x080073e9   Thumb Code    34  main.o(i.fgetc)
    fputc                                    0x08007411   Thumb Code    20  main.o(i.fputc)
    getc                                     0x08007429   Thumb Code     4  getc.o(i.getc)
    gets                                     0x0800742d   Thumb Code    42  gets.o(i.gets)
    main                                     0x0800745d   Thumb Code   608  main.o(i.main)
    AHBPrescTable                            0x08007b50   Data          16  system_stm32l4xx.o(.constdata)
    MSIRangeTable                            0x08007b60   Data          48  system_stm32l4xx.o(.constdata)
    APBPrescTable                            0x08007b90   Data           8  system_stm32l4xx.o(.constdata)
    UARTPrescTable                           0x08007b98   Data          24  stm32l4xx_hal_uart.o(.constdata)
    BUTTON_PIN                               0x08007bb0   Data           2  stm32l4s5i_iot01.o(.constdata)
    BUTTON_IRQn                              0x08007bb2   Data           2  stm32l4s5i_iot01.o(.constdata)
    COM_TX_PIN                               0x08007bb4   Data           2  stm32l4s5i_iot01.o(.constdata)
    COM_RX_PIN                               0x08007bb6   Data           2  stm32l4s5i_iot01.o(.constdata)
    COM_TX_AF                                0x08007bb8   Data           2  stm32l4s5i_iot01.o(.constdata)
    COM_RX_AF                                0x08007bba   Data           2  stm32l4s5i_iot01.o(.constdata)
    GPIO_PIN                                 0x08007bbc   Data           4  stm32l4s5i_iot01.o(.constdata)
    Region$$Table$$Base                      0x08007c80   Number         0  anon$$obj.o(Region$$Table)
    Region$$Table$$Limit                     0x08007cb0   Number         0  anon$$obj.o(Region$$Table)
    __uninited_region_start__                0x080ff000   Data         216  main.o(UNINIT_FIXED_LOC)
    halfbufcheck                             0x20000010   Data           1  main.o(.data)
    fullbufcheck                             0x20000011   Data           1  main.o(.data)
    H_0                                      0x20000012   Data           1  main.o(.data)
    H_1                                      0x20000013   Data           1  main.o(.data)
    T_C0_ini                                 0x20000015   Data           1  main.o(.data)
    T_C1_ini                                 0x20000016   Data           1  main.o(.data)
    magno_x_raw                              0x20000018   Data           2  main.o(.data)
    magno_y_raw                              0x2000001a   Data           2  main.o(.data)
    magno_z_raw                              0x2000001c   Data           2  main.o(.data)
    H_0_lsb                                  0x2000001e   Data           2  main.o(.data)
    H_1_lsb                                  0x20000020   Data           2  main.o(.data)
    humidity_raw                             0x20000022   Data           2  main.o(.data)
    temperature_raw                          0x20000024   Data           2  main.o(.data)
    acc_x_raw                                0x20000026   Data           2  main.o(.data)
    acc_y_raw                                0x20000028   Data           2  main.o(.data)
    acc_z_raw                                0x2000002a   Data           2  main.o(.data)
    gyro_x_raw                               0x2000002c   Data           2  main.o(.data)
    gyro_y_raw                               0x2000002e   Data           2  main.o(.data)
    gyro_z_raw                               0x20000030   Data           2  main.o(.data)
    distance                                 0x20000032   Data           2  main.o(.data)
    Trials                                   0x20000034   Data           2  main.o(.data)
    config_magnetometer                      0x20000036   Data           2  main.o(.data)
    config_humidity_tempe                    0x20000038   Data           2  main.o(.data)
    T_C0_lsb                                 0x2000003a   Data           2  main.o(.data)
    T_C1_lsb                                 0x2000003c   Data           2  main.o(.data)
    config_pressure                          0x2000003e   Data           2  main.o(.data)
    config_gyro_acc                          0x20000040   Data           2  main.o(.data)
    config_toF                               0x20000042   Data           2  main.o(.data)
    i2c_data_tof                             0x20000044   Data           2  main.o(.data)
    Datalen                                  0x20000046   Data           2  main.o(.data)
    i2c_data_pressure                        0x20000048   Data           3  main.o(.data)
    RemoteIP                                 0x2000004b   Data           4  main.o(.data)
    magno_x                                  0x20000050   Data           4  main.o(.data)
    magno_y                                  0x20000054   Data           4  main.o(.data)
    magno_z                                  0x20000058   Data           4  main.o(.data)
    mh                                       0x2000005c   Data           4  main.o(.data)
    humidity                                 0x20000060   Data           4  main.o(.data)
    temperature                              0x20000064   Data           4  main.o(.data)
    pressure_raw                             0x20000068   Data           4  main.o(.data)
    pressure                                 0x2000006c   Data           4  main.o(.data)
    acc_x                                    0x20000070   Data           4  main.o(.data)
    acc_y                                    0x20000074   Data           4  main.o(.data)
    acc_z                                    0x20000078   Data           4  main.o(.data)
    gyro_x                                   0x2000007c   Data           4  main.o(.data)
    gyro_y                                   0x20000080   Data           4  main.o(.data)
    gyro_z                                   0x20000084   Data           4  main.o(.data)
    process                                  0x20000088   Data           4  main.o(.data)
    Socket                                   0x2000008c   Data           4  main.o(.data)
    lUserConfigPtr                           0x20000090   Data           4  main.o(.data)
    i2c_data_humidity_tempe                  0x20000094   Data           4  main.o(.data)
    T_C0                                     0x20000098   Data           4  main.o(.data)
    T_C1                                     0x2000009c   Data           4  main.o(.data)
    m                                        0x200000a0   Data           4  main.o(.data)
    i2c_data_magnetometer                    0x200000a8   Data           6  main.o(.data)
    SystemCoreClock                          0x200000b0   Data           4  system_stm32l4xx.o(.data)
    uwTickFreq                               0x200000bc   Data           1  stm32l4xx_hal.o(.data)
    uwTickPrio                               0x200000c0   Data           4  stm32l4xx_hal.o(.data)
    uwTick                                   0x200000c4   Data           4  stm32l4xx_hal.o(.data)
    pFlash                                   0x200000cc   Data          32  stm32l4xx_hal_flash.o(.data)
    GPIO_PORT                                0x200000ec   Data           4  stm32l4s5i_iot01.o(.data)
    BUTTON_PORT                              0x200000f0   Data           4  stm32l4s5i_iot01.o(.data)
    COM_USART                                0x200000f4   Data           4  stm32l4s5i_iot01.o(.data)
    COM_TX_PORT                              0x200000f8   Data           4  stm32l4s5i_iot01.o(.data)
    COM_RX_PORT                              0x200000fc   Data           4  stm32l4s5i_iot01.o(.data)
    __stdin                                  0x20000100   Data           4  stdin.o(.data)
    __stdout                                 0x20000108   Data           4  stdout.o(.data)
    hspi                                     0x2000010c   Data         100  es_wifi_io.o(.bss)
    EsWifiObj                                0x20000170   Data        2304  wifi.o(.bss)
    RecBuf                                   0x20000a70   Data        1024  main.o(.bss)
    PlayBuf                                  0x20000e70   Data        1024  main.o(.bss)
    sound                                    0x20001270   Data        1024  main.o(.bss)
    i2c_data_gyro_acc                        0x20001670   Data          12  main.o(.bss)
    Tim1                                     0x2000167c   Data         115  main.o(.bss)
    hi2c2                                    0x200017c8   Data          76  main.o(.bss)
    htim2                                    0x20001814   Data          76  main.o(.bss)
    hdfsdm1_filter0                          0x20001860   Data          84  main.o(.bss)
    hdfsdm1_channel2                         0x200018b4   Data          56  main.o(.bss)
    hdma_dfsdm1_flt0                         0x200018ec   Data          96  main.o(.bss)
    htim1                                    0x2000194c   Data          76  stm32l4xx_hal_timebase_tim.o(.bss)
    hDiscoUart                               0x200019b8   Data         144  stm32l4s5i_iot01.o(.bss)
    __initial_sp                             0x20009948   Data           0  startup_stm32l4s5xx.o(STACK)



==============================================================================

Memory Map of the image

  Image Entry point : 0x080001bd

  Load Region LR_IROM1 (Base: 0x08000000, Size: 0x00007dbc, Max: 0x00100000, ABSOLUTE)

    Execution Region ER_IROM1 (Exec base: 0x08000000, Load base: 0x08000000, Size: 0x00007cb0, Max: 0x00100000, ABSOLUTE)

    Exec Addr    Load Addr    Size         Type   Attr      Idx    E Section Name        Object

    0x08000000   0x08000000   0x000001bc   Data   RO         1458    RESET               startup_stm32l4s5xx.o
    0x080001bc   0x080001bc   0x00000000   Code   RO         6060  * .ARM.Collect$$$$00000000  mc_w.l(entry.o)
    0x080001bc   0x080001bc   0x00000004   Code   RO         6395    .ARM.Collect$$$$00000001  mc_w.l(entry2.o)
    0x080001c0   0x080001c0   0x00000004   Code   RO         6398    .ARM.Collect$$$$00000004  mc_w.l(entry5.o)
    0x080001c4   0x080001c4   0x00000000   Code   RO         6400    .ARM.Collect$$$$00000008  mc_w.l(entry7b.o)
    0x080001c4   0x080001c4   0x00000000   Code   RO         6402    .ARM.Collect$$$$0000000A  mc_w.l(entry8b.o)
    0x080001c4   0x080001c4   0x00000008   Code   RO         6403    .ARM.Collect$$$$0000000B  mc_w.l(entry9a.o)
    0x080001cc   0x080001cc   0x00000004   Code   RO         6410    .ARM.Collect$$$$0000000E  mc_w.l(entry12b.o)
    0x080001d0   0x080001d0   0x00000000   Code   RO         6405    .ARM.Collect$$$$0000000F  mc_w.l(entry10a.o)
    0x080001d0   0x080001d0   0x00000000   Code   RO         6407    .ARM.Collect$$$$00000011  mc_w.l(entry11a.o)
    0x080001d0   0x080001d0   0x00000004   Code   RO         6396    .ARM.Collect$$$$00002712  mc_w.l(entry2.o)
    0x080001d4   0x080001d4   0x00000024   Code   RO         1459    .text               startup_stm32l4s5xx.o
    0x080001f8   0x080001f8   0x00000068   Code   RO         6068    .text               mc_w.l(uldiv.o)
    0x08000260   0x08000260   0x00000024   Code   RO         6070    .text               mc_w.l(memcpya.o)
    0x08000284   0x08000284   0x00000024   Code   RO         6072    .text               mc_w.l(memseta.o)
    0x080002a8   0x080002a8   0x00000024   Code   RO         6074    .text               mc_w.l(strstr.o)
    0x080002cc   0x080002cc   0x00000018   Code   RO         6076    .text               mc_w.l(strncpy.o)
    0x080002e4   0x080002e4   0x0000000e   Code   RO         6078    .text               mc_w.l(strlen.o)
    0x080002f2   0x080002f2   0x00000012   Code   RO         6082    .text               mc_w.l(strcpy.o)
    0x08000304   0x08000304   0x00000044   Code   RO         6089    .text               mc_w.l(strtok_r.o)
    0x08000348   0x08000348   0x0000015e   Code   RO         6383    .text               mf_w.l(dadd.o)
    0x080004a6   0x080004a6   0x000000ea   Code   RO         6385    .text               mf_w.l(dmul.o)
    0x08000590   0x08000590   0x000000de   Code   RO         6387    .text               mf_w.l(ddiv.o)
    0x0800066e   0x0800066e   0x00000022   Code   RO         6389    .text               mf_w.l(dflti.o)
    0x08000690   0x08000690   0x00000026   Code   RO         6391    .text               mf_w.l(f2d.o)
    0x080006b6   0x080006b6   0x00000038   Code   RO         6393    .text               mf_w.l(d2f.o)
    0x080006ee   0x080006ee   0x0000002c   Code   RO         6412    .text               mc_w.l(uidiv.o)
    0x0800071a   0x0800071a   0x0000001e   Code   RO         6414    .text               mc_w.l(llshl.o)
    0x08000738   0x08000738   0x00000020   Code   RO         6416    .text               mc_w.l(llushr.o)
    0x08000758   0x08000758   0x00000024   Code   RO         6418    .text               mc_w.l(llsshr.o)
    0x0800077c   0x0800077c   0x00000000   Code   RO         6422    .text               mc_w.l(iusefp.o)
    0x0800077c   0x0800077c   0x0000006e   Code   RO         6423    .text               mf_w.l(fepilogue.o)
    0x080007ea   0x080007ea   0x000000ba   Code   RO         6425    .text               mf_w.l(depilogue.o)
    0x080008a4   0x080008a4   0x00000030   Code   RO         6427    .text               mf_w.l(dfixul.o)
    0x080008d4   0x080008d4   0x00000030   Code   RO         6429    .text               mf_w.l(cdrcmple.o)
    0x08000904   0x08000904   0x00000024   Code   RO         6431    .text               mc_w.l(init.o)
    0x08000928   0x08000928   0x00000080   Code   RO            1    i.AT_ExecuteCommand  es_wifi.o
    0x080009a8   0x080009a8   0x000000c0   Code   RO            3    i.AT_ParseConnSettings  es_wifi.o
    0x08000a68   0x08000a68   0x00000088   Code   RO            4    i.AT_ParseInfo      es_wifi.o
    0x08000af0   0x08000af0   0x00000098   Code   RO            9    i.AT_RequestSendData  es_wifi.o
    0x08000b88   0x08000b88   0x000000a8   Code   RO         5857    i.BSP_COM_Init      stm32l4s5i_iot01.o
    0x08000c30   0x08000c30   0x00000048   Code   RO         5860    i.BSP_LED_Init      stm32l4s5i_iot01.o
    0x08000c78   0x08000c78   0x0000008c   Code   RO         5866    i.BSP_PB_Init       stm32l4s5i_iot01.o
    0x08000d04   0x08000d04   0x00000002   Code   RO         1183    i.BusFault_Handler  stm32l4xx_it.o
    0x08000d06   0x08000d06   0x0000000e   Code   RO         1871    i.DFSDM_DMAError    stm32l4xx_hal_dfsdm.o
    0x08000d14   0x08000d14   0x0000000a   Code   RO         1874    i.DFSDM_DMARegularConvCplt  stm32l4xx_hal_dfsdm.o
    0x08000d1e   0x08000d1e   0x0000000a   Code   RO         1875    i.DFSDM_DMARegularHalfConvCplt  stm32l4xx_hal_dfsdm.o
    0x08000d28   0x08000d28   0x0000005c   Code   RO         1876    i.DFSDM_GetChannelFromInstance  stm32l4xx_hal_dfsdm.o
    0x08000d84   0x08000d84   0x0000006a   Code   RO         1879    i.DFSDM_RegConvStart  stm32l4xx_hal_dfsdm.o
    0x08000dee   0x08000dee   0x00000002   PAD
    0x08000df0   0x08000df0   0x0000000c   Code   RO         1184    i.DMA1_Channel1_IRQHandler  stm32l4xx_it.o
    0x08000dfc   0x08000dfc   0x0000000c   Code   RO         1185    i.DMAMUX1_OVR_IRQHandler  stm32l4xx_it.o
    0x08000e08   0x08000e08   0x00000040   Code   RO         2326    i.DMA_CalcDMAMUXChannelBaseAndMask  stm32l4xx_hal_dma.o
    0x08000e48   0x08000e48   0x00000024   Code   RO         2327    i.DMA_CalcDMAMUXRequestGenBaseAndMask  stm32l4xx_hal_dma.o
    0x08000e6c   0x08000e6c   0x0000003e   Code   RO         2328    i.DMA_SetConfig     stm32l4xx_hal_dma.o
    0x08000eaa   0x08000eaa   0x00000002   Code   RO         1186    i.DebugMon_Handler  stm32l4xx_it.o
    0x08000eac   0x08000eac   0x000000a4   Code   RO           12    i.ES_WIFI_Connect   es_wifi.o
    0x08000f50   0x08000f50   0x0000003c   Code   RO           19    i.ES_WIFI_GetMACAddress  es_wifi.o
    0x08000f8c   0x08000f8c   0x00000030   Code   RO           20    i.ES_WIFI_GetNetworkSettings  es_wifi.o
    0x08000fbc   0x08000fbc   0x00000040   Code   RO           27    i.ES_WIFI_Init      es_wifi.o
    0x08000ffc   0x08000ffc   0x0000003c   Code   RO           28    i.ES_WIFI_IsConnected  es_wifi.o
    0x08001038   0x08001038   0x00000024   Code   RO           34    i.ES_WIFI_RegisterBusIO  es_wifi.o
    0x0800105c   0x0800105c   0x000000b6   Code   RO           37    i.ES_WIFI_SendData  es_wifi.o
    0x08001112   0x08001112   0x00000002   PAD
    0x08001114   0x08001114   0x00000148   Code   RO           43    i.ES_WIFI_StartClientConnection  es_wifi.o
    0x0800125c   0x0800125c   0x00000008   Code   RO         1187    i.EXTI15_10_IRQHandler  stm32l4xx_it.o
    0x08001264   0x08001264   0x00000006   Code   RO         1188    i.EXTI1_IRQHandler  stm32l4xx_it.o
    0x0800126a   0x0800126a   0x00000004   Code   RO          779    i.Error_Handler     main.o
    0x0800126e   0x0800126e   0x00000002   PAD
    0x08001270   0x08001270   0x000000ac   Code   RO         1104    i.FLASH_Erase_Size  flash_l4.o
    0x0800131c   0x0800131c   0x00000054   Code   RO         2588    i.FLASH_FlushCaches  stm32l4xx_hal_flash_ex.o
    0x08001370   0x08001370   0x00000080   Code   RO         1105    i.FLASH_Init        flash_l4.o
    0x080013f0   0x080013f0   0x00000038   Code   RO         2589    i.FLASH_MassErase   stm32l4xx_hal_flash_ex.o
    0x08001428   0x08001428   0x0000003c   Code   RO         2594    i.FLASH_PageErase   stm32l4xx_hal_flash_ex.o
    0x08001464   0x08001464   0x0000001c   Code   RO         2479    i.FLASH_Program_DoubleWord  stm32l4xx_hal_flash.o
    0x08001480   0x08001480   0x0000002c   Code   RO         2480    i.FLASH_Program_Fast  stm32l4xx_hal_flash.o
    0x080014ac   0x080014ac   0x00000064   Code   RO         2481    i.FLASH_WaitForLastOperation  stm32l4xx_hal_flash.o
    0x08001510   0x08001510   0x0000005a   Code   RO         1106    i.FLASH_Write       flash_l4.o
    0x0800156a   0x0800156a   0x00000002   PAD
    0x0800156c   0x0800156c   0x0000004c   Code   RO         1111    i.GetBank           flash_l4.o
    0x080015b8   0x080015b8   0x00000044   Code   RO         1112    i.GetPage           flash_l4.o
    0x080015fc   0x080015fc   0x000000fc   Code   RO         1889    i.HAL_DFSDM_ChannelInit  stm32l4xx_hal_dfsdm.o
    0x080016f8   0x080016f8   0x00000090   Code   RO         1346    i.HAL_DFSDM_ChannelMspInit  stm32l4xx_hal_msp.o
    0x08001788   0x08001788   0x00000048   Code   RO         1904    i.HAL_DFSDM_FilterConfigRegChannel  stm32l4xx_hal_dfsdm.o
    0x080017d0   0x080017d0   0x00000002   Code   RO         1906    i.HAL_DFSDM_FilterErrorCallback  stm32l4xx_hal_dfsdm.o
    0x080017d2   0x080017d2   0x00000002   PAD
    0x080017d4   0x080017d4   0x00000104   Code   RO         1916    i.HAL_DFSDM_FilterInit  stm32l4xx_hal_dfsdm.o
    0x080018d8   0x080018d8   0x000000f8   Code   RO         1348    i.HAL_DFSDM_FilterMspInit  stm32l4xx_hal_msp.o
    0x080019d0   0x080019d0   0x0000000c   Code   RO          780    i.HAL_DFSDM_FilterRegConvCpltCallback  main.o
    0x080019dc   0x080019dc   0x0000000c   Code   RO          781    i.HAL_DFSDM_FilterRegConvHalfCpltCallback  main.o
    0x080019e8   0x080019e8   0x00000088   Code   RO         1934    i.HAL_DFSDM_FilterRegularStart_DMA  stm32l4xx_hal_dfsdm.o
    0x08001a70   0x08001a70   0x00000054   Code   RO         2432    i.HAL_DMAEx_ConfigMuxSync  stm32l4xx_hal_dma_ex.o
    0x08001ac4   0x08001ac4   0x00000064   Code   RO         2435    i.HAL_DMAEx_MUX_IRQHandler  stm32l4xx_hal_dma_ex.o
    0x08001b28   0x08001b28   0x00000070   Code   RO         2330    i.HAL_DMA_Abort_IT  stm32l4xx_hal_dma.o
    0x08001b98   0x08001b98   0x00000006   Code   RO         2333    i.HAL_DMA_GetState  stm32l4xx_hal_dma.o
    0x08001b9e   0x08001b9e   0x000000ba   Code   RO         2334    i.HAL_DMA_IRQHandler  stm32l4xx_hal_dma.o
    0x08001c58   0x08001c58   0x000000c0   Code   RO         2335    i.HAL_DMA_Init      stm32l4xx_hal_dma.o
    0x08001d18   0x08001d18   0x0000008c   Code   RO         2339    i.HAL_DMA_Start_IT  stm32l4xx_hal_dma.o
    0x08001da4   0x08001da4   0x00000024   Code   RO         1473    i.HAL_Delay         stm32l4xx_hal.o
    0x08001dc8   0x08001dc8   0x000000ea   Code   RO         2596    i.HAL_FLASHEx_Erase  stm32l4xx_hal_flash_ex.o
    0x08001eb2   0x08001eb2   0x00000002   PAD
    0x08001eb4   0x08001eb4   0x0000000c   Code   RO         2483    i.HAL_FLASH_GetError  stm32l4xx_hal_flash.o
    0x08001ec0   0x08001ec0   0x00000014   Code   RO         2485    i.HAL_FLASH_Lock    stm32l4xx_hal_flash.o
    0x08001ed4   0x08001ed4   0x000000aa   Code   RO         2490    i.HAL_FLASH_Program  stm32l4xx_hal_flash.o
    0x08001f7e   0x08001f7e   0x00000002   PAD
    0x08001f80   0x08001f80   0x00000028   Code   RO         2492    i.HAL_FLASH_Unlock  stm32l4xx_hal_flash.o
    0x08001fa8   0x08001fa8   0x0000001c   Code   RO          782    i.HAL_GPIO_EXTI_Callback  main.o
    0x08001fc4   0x08001fc4   0x00000018   Code   RO         2675    i.HAL_GPIO_EXTI_IRQHandler  stm32l4xx_hal_gpio.o
    0x08001fdc   0x08001fdc   0x000001ea   Code   RO         2676    i.HAL_GPIO_Init     stm32l4xx_hal_gpio.o
    0x080021c6   0x080021c6   0x0000000a   Code   RO         2678    i.HAL_GPIO_ReadPin  stm32l4xx_hal_gpio.o
    0x080021d0   0x080021d0   0x0000000a   Code   RO         2680    i.HAL_GPIO_WritePin  stm32l4xx_hal_gpio.o
    0x080021da   0x080021da   0x00000002   PAD
    0x080021dc   0x080021dc   0x0000000c   Code   RO         1477    i.HAL_GetTick       stm32l4xx_hal.o
    0x080021e8   0x080021e8   0x00000056   Code   RO         3201    i.HAL_I2CEx_ConfigAnalogFilter  stm32l4xx_hal_i2c_ex.o
    0x0800223e   0x0800223e   0x00000052   Code   RO         3202    i.HAL_I2CEx_ConfigDigitalFilter  stm32l4xx_hal_i2c_ex.o
    0x08002290   0x08002290   0x00000002   Code   RO         2739    i.HAL_I2C_AbortCpltCallback  stm32l4xx_hal_i2c.o
    0x08002292   0x08002292   0x00000002   Code   RO         2740    i.HAL_I2C_AddrCallback  stm32l4xx_hal_i2c.o
    0x08002294   0x08002294   0x00000068   Code   RO         2743    i.HAL_I2C_ER_IRQHandler  stm32l4xx_hal_i2c.o
    0x080022fc   0x080022fc   0x00000010   Code   RO         2744    i.HAL_I2C_EV_IRQHandler  stm32l4xx_hal_i2c.o
    0x0800230c   0x0800230c   0x00000002   Code   RO         2746    i.HAL_I2C_ErrorCallback  stm32l4xx_hal_i2c.o
    0x0800230e   0x0800230e   0x00000002   PAD
    0x08002310   0x08002310   0x000000b8   Code   RO         2750    i.HAL_I2C_Init      stm32l4xx_hal_i2c.o
    0x080023c8   0x080023c8   0x00000002   Code   RO         2752    i.HAL_I2C_ListenCpltCallback  stm32l4xx_hal_i2c.o
    0x080023ca   0x080023ca   0x00000002   PAD
    0x080023cc   0x080023cc   0x0000012a   Code   RO         2756    i.HAL_I2C_Master_Receive  stm32l4xx_hal_i2c.o
    0x080024f6   0x080024f6   0x00000002   PAD
    0x080024f8   0x080024f8   0x0000012a   Code   RO         2763    i.HAL_I2C_Master_Transmit  stm32l4xx_hal_i2c.o
    0x08002622   0x08002622   0x00000002   PAD
    0x08002624   0x08002624   0x000000a0   Code   RO         1350    i.HAL_I2C_MspInit   stm32l4xx_hal_msp.o
    0x080026c4   0x080026c4   0x00000002   Code   RO         2776    i.HAL_I2C_SlaveRxCpltCallback  stm32l4xx_hal_i2c.o
    0x080026c6   0x080026c6   0x00000002   Code   RO         2777    i.HAL_I2C_SlaveTxCpltCallback  stm32l4xx_hal_i2c.o
    0x080026c8   0x080026c8   0x00000010   Code   RO         1483    i.HAL_IncTick       stm32l4xx_hal.o
    0x080026d8   0x080026d8   0x0000001e   Code   RO         1484    i.HAL_Init          stm32l4xx_hal.o
    0x080026f6   0x080026f6   0x00000002   PAD
    0x080026f8   0x080026f8   0x00000074   Code   RO         1420    i.HAL_InitTick      stm32l4xx_hal_timebase_tim.o
    0x0800276c   0x0800276c   0x0000002c   Code   RO         1351    i.HAL_MspInit       stm32l4xx_hal_msp.o
    0x08002798   0x08002798   0x0000001a   Code   RO         1741    i.HAL_NVIC_EnableIRQ  stm32l4xx_hal_cortex.o
    0x080027b2   0x080027b2   0x00000002   PAD
    0x080027b4   0x080027b4   0x00000040   Code   RO         1747    i.HAL_NVIC_SetPriority  stm32l4xx_hal_cortex.o
    0x080027f4   0x080027f4   0x00000024   Code   RO         1748    i.HAL_NVIC_SetPriorityGrouping  stm32l4xx_hal_cortex.o
    0x08002818   0x08002818   0x00000028   Code   RO         3405    i.HAL_PWREx_GetVoltageRange  stm32l4xx_hal_pwr_ex.o
    0x08002840   0x08002840   0x0000041e   Code   RO         3776    i.HAL_RCCEx_PeriphCLKConfig  stm32l4xx_hal_rcc_ex.o
    0x08002c5e   0x08002c5e   0x00000002   PAD
    0x08002c60   0x08002c60   0x00000184   Code   RO         3646    i.HAL_RCC_ClockConfig  stm32l4xx_hal_rcc.o
    0x08002de4   0x08002de4   0x00000040   Code   RO         3649    i.HAL_RCC_GetClockConfig  stm32l4xx_hal_rcc.o
    0x08002e24   0x08002e24   0x00000024   Code   RO         3652    i.HAL_RCC_GetPCLK1Freq  stm32l4xx_hal_rcc.o
    0x08002e48   0x08002e48   0x00000024   Code   RO         3653    i.HAL_RCC_GetPCLK2Freq  stm32l4xx_hal_rcc.o
    0x08002e6c   0x08002e6c   0x000000a4   Code   RO         3654    i.HAL_RCC_GetSysClockFreq  stm32l4xx_hal_rcc.o
    0x08002f10   0x08002f10   0x00000578   Code   RO         3657    i.HAL_RCC_OscConfig  stm32l4xx_hal_rcc.o
    0x08003488   0x08003488   0x0000002e   Code   RO         3958    i.HAL_SPI_DeInit    stm32l4xx_hal_spi.o
    0x080034b6   0x080034b6   0x00000002   Code   RO         3959    i.HAL_SPI_ErrorCallback  stm32l4xx_hal_spi.o
    0x080034b8   0x080034b8   0x000000fc   Code   RO         3962    i.HAL_SPI_IRQHandler  stm32l4xx_hal_spi.o
    0x080035b4   0x080035b4   0x0000011c   Code   RO         3963    i.HAL_SPI_Init      stm32l4xx_hal_spi.o
    0x080036d0   0x080036d0   0x00000002   Code   RO         3964    i.HAL_SPI_MspDeInit  stm32l4xx_hal_spi.o
    0x080036d2   0x080036d2   0x00000002   Code   RO         3965    i.HAL_SPI_MspInit   stm32l4xx_hal_spi.o
    0x080036d4   0x080036d4   0x00000256   Code   RO         3966    i.HAL_SPI_Receive   stm32l4xx_hal_spi.o
    0x0800392a   0x0800392a   0x00000002   PAD
    0x0800392c   0x0800392c   0x000000fc   Code   RO         3968    i.HAL_SPI_Receive_IT  stm32l4xx_hal_spi.o
    0x08003a28   0x08003a28   0x00000014   Code   RO          369    i.HAL_SPI_RxCpltCallback  es_wifi_io.o
    0x08003a3c   0x08003a3c   0x0000035e   Code   RO         3972    i.HAL_SPI_TransmitReceive  stm32l4xx_hal_spi.o
    0x08003d9a   0x08003d9a   0x00000002   PAD
    0x08003d9c   0x08003d9c   0x00000100   Code   RO         3974    i.HAL_SPI_TransmitReceive_IT  stm32l4xx_hal_spi.o
    0x08003e9c   0x08003e9c   0x000000b8   Code   RO         3976    i.HAL_SPI_Transmit_IT  stm32l4xx_hal_spi.o
    0x08003f54   0x08003f54   0x00000014   Code   RO          370    i.HAL_SPI_TxCpltCallback  es_wifi_io.o
    0x08003f68   0x08003f68   0x00000002   Code   RO         3979    i.HAL_SPI_TxRxCpltCallback  stm32l4xx_hal_spi.o
    0x08003f6a   0x08003f6a   0x00000002   Code   RO         5039    i.HAL_TIMEx_Break2Callback  stm32l4xx_hal_tim_ex.o
    0x08003f6c   0x08003f6c   0x00000002   Code   RO         5040    i.HAL_TIMEx_BreakCallback  stm32l4xx_hal_tim_ex.o
    0x08003f6e   0x08003f6e   0x00000002   Code   RO         5041    i.HAL_TIMEx_CommutCallback  stm32l4xx_hal_tim_ex.o
    0x08003f70   0x08003f70   0x00000062   Code   RO         4325    i.HAL_TIM_Base_Init  stm32l4xx_hal_tim.o
    0x08003fd2   0x08003fd2   0x00000002   PAD
    0x08003fd4   0x08003fd4   0x00000038   Code   RO         1353    i.HAL_TIM_Base_MspInit  stm32l4xx_hal_msp.o
    0x0800400c   0x0800400c   0x00000080   Code   RO         4330    i.HAL_TIM_Base_Start_IT  stm32l4xx_hal_tim.o
    0x0800408c   0x0800408c   0x00000002   Code   RO         4359    i.HAL_TIM_IC_CaptureCallback  stm32l4xx_hal_tim.o
    0x0800408e   0x0800408e   0x00000184   Code   RO         4373    i.HAL_TIM_IRQHandler  stm32l4xx_hal_tim.o
    0x08004212   0x08004212   0x00000002   Code   RO         4376    i.HAL_TIM_OC_DelayElapsedCallback  stm32l4xx_hal_tim.o
    0x08004214   0x08004214   0x00000002   Code   RO         4403    i.HAL_TIM_PWM_PulseFinishedCallback  stm32l4xx_hal_tim.o
    0x08004216   0x08004216   0x00000002   PAD
    0x08004218   0x08004218   0x00000110   Code   RO          783    i.HAL_TIM_PeriodElapsedCallback  main.o
    0x08004328   0x08004328   0x00000002   Code   RO         4416    i.HAL_TIM_TriggerCallback  stm32l4xx_hal_tim.o
    0x0800432a   0x0800432a   0x0000006a   Code   RO         5353    i.HAL_UART_Init     stm32l4xx_hal_uart.o
    0x08004394   0x08004394   0x00000002   Code   RO         5355    i.HAL_UART_MspInit  stm32l4xx_hal_uart.o
    0x08004396   0x08004396   0x00000002   PAD
    0x08004398   0x08004398   0x00000100   Code   RO         5356    i.HAL_UART_Receive  stm32l4xx_hal_uart.o
    0x08004498   0x08004498   0x000000bc   Code   RO         5362    i.HAL_UART_Transmit  stm32l4xx_hal_uart.o
    0x08004554   0x08004554   0x000000dc   Code   RO          784    i.HTS221_GetRead    main.o
    0x08004630   0x08004630   0x000002a0   Code   RO          785    i.HTS221_init       main.o
    0x080048d0   0x080048d0   0x00000002   Code   RO         1189    i.HardFault_Handler  stm32l4xx_it.o
    0x080048d2   0x080048d2   0x00000002   PAD
    0x080048d4   0x080048d4   0x0000000c   Code   RO         1190    i.I2C2_ER_IRQHandler  stm32l4xx_it.o
    0x080048e0   0x080048e0   0x0000000c   Code   RO         1191    i.I2C2_EV_IRQHandler  stm32l4xx_it.o
    0x080048ec   0x080048ec   0x00000014   Code   RO         2789    i.I2C_DMAAbort      stm32l4xx_hal_i2c.o
    0x08004900   0x08004900   0x0000005e   Code   RO         2795    i.I2C_Disable_IRQ   stm32l4xx_hal_i2c.o
    0x0800495e   0x0800495e   0x00000022   Code   RO         2797    i.I2C_Flush_TXDR    stm32l4xx_hal_i2c.o
    0x08004980   0x08004980   0x0000008c   Code   RO         2798    i.I2C_ITAddrCplt    stm32l4xx_hal_i2c.o
    0x08004a0c   0x08004a0c   0x000000f4   Code   RO         2799    i.I2C_ITError       stm32l4xx_hal_i2c.o
    0x08004b00   0x08004b00   0x00000064   Code   RO         2800    i.I2C_ITListenCplt  stm32l4xx_hal_i2c.o
    0x08004b64   0x08004b64   0x00000130   Code   RO         2803    i.I2C_ITSlaveCplt   stm32l4xx_hal_i2c.o
    0x08004c94   0x08004c94   0x00000072   Code   RO         2804    i.I2C_ITSlaveSeqCplt  stm32l4xx_hal_i2c.o
    0x08004d06   0x08004d06   0x00000002   PAD
    0x08004d08   0x08004d08   0x00000084   Code   RO         2805    i.I2C_IsAcknowledgeFailed  stm32l4xx_hal_i2c.o
    0x08004d8c   0x08004d8c   0x00000120   Code   RO         2811    i.I2C_Slave_ISR_IT  stm32l4xx_hal_i2c.o
    0x08004eac   0x08004eac   0x0000002c   Code   RO         2812    i.I2C_TransferConfig  stm32l4xx_hal_i2c.o
    0x08004ed8   0x08004ed8   0x0000002a   Code   RO         2813    i.I2C_TreatErrorCallback  stm32l4xx_hal_i2c.o
    0x08004f02   0x08004f02   0x00000058   Code   RO         2814    i.I2C_WaitOnFlagUntilTimeout  stm32l4xx_hal_i2c.o
    0x08004f5a   0x08004f5a   0x00000002   PAD
    0x08004f5c   0x08004f5c   0x00000084   Code   RO         2815    i.I2C_WaitOnRXNEFlagUntilTimeout  stm32l4xx_hal_i2c.o
    0x08004fe0   0x08004fe0   0x0000004c   Code   RO         2816    i.I2C_WaitOnSTOPFlagUntilTimeout  stm32l4xx_hal_i2c.o
    0x0800502c   0x0800502c   0x00000050   Code   RO         2817    i.I2C_WaitOnTXISFlagUntilTimeout  stm32l4xx_hal_i2c.o
    0x0800507c   0x0800507c   0x00000098   Code   RO          786    i.LIS3MDL_GetRead   main.o
    0x08005114   0x08005114   0x00000028   Code   RO          787    i.LIS3MDL_init      main.o
    0x0800513c   0x0800513c   0x00000068   Code   RO          788    i.LPS22HB_GetRead   main.o
    0x080051a4   0x080051a4   0x00000028   Code   RO          789    i.LPS22HB_init      main.o
    0x080051cc   0x080051cc   0x00000174   Code   RO          790    i.LSM6DSL_GetRead   main.o
    0x08005340   0x08005340   0x00000038   Code   RO          791    i.LSM6DSL_init      main.o
    0x08005378   0x08005378   0x0000007c   Code   RO          792    i.MX_DFSDM1_Init    main.o
    0x080053f4   0x080053f4   0x00000054   Code   RO          793    i.MX_I2C2_Init      main.o
    0x08005448   0x08005448   0x00000002   Code   RO         1192    i.MemManage_Handler  stm32l4xx_it.o
    0x0800544a   0x0800544a   0x00000002   Code   RO         1193    i.NMI_Handler       stm32l4xx_it.o
    0x0800544c   0x0800544c   0x00000032   Code   RO           55    i.ParseIP           es_wifi.o
    0x0800547e   0x0800547e   0x00000086   Code   RO           56    i.ParseMAC          es_wifi.o
    0x08005504   0x08005504   0x00000042   Code   RO           57    i.ParseNumber       es_wifi.o
    0x08005546   0x08005546   0x00000002   Code   RO         1194    i.PendSV_Handler    stm32l4xx_it.o
    0x08005548   0x08005548   0x00000128   Code   RO         3780    i.RCCEx_PLLSAI1_Config  stm32l4xx_hal_rcc_ex.o
    0x08005670   0x08005670   0x00000128   Code   RO         3781    i.RCCEx_PLLSAI2_Config  stm32l4xx_hal_rcc_ex.o
    0x08005798   0x08005798   0x00000074   Code   RO         3658    i.RCC_GetSysClockFreqFromPLLSource  stm32l4xx_hal_rcc.o
    0x0800580c   0x0800580c   0x00000074   Code   RO         3659    i.RCC_SetFlashLatencyFromMSIRange  stm32l4xx_hal_rcc.o
    0x08005880   0x08005880   0x0000000c   Code   RO          794    i.SPI3_IRQHandler   main.o
    0x0800588c   0x0800588c   0x00000048   Code   RO         3981    i.SPI_2linesRxISR_16BIT  stm32l4xx_hal_spi.o
    0x080058d4   0x080058d4   0x00000016   Code   RO         3982    i.SPI_2linesRxISR_16BITCRC  stm32l4xx_hal_spi.o
    0x080058ea   0x080058ea   0x00000002   PAD
    0x080058ec   0x080058ec   0x0000007c   Code   RO         3983    i.SPI_2linesRxISR_8BIT  stm32l4xx_hal_spi.o
    0x08005968   0x08005968   0x00000028   Code   RO         3984    i.SPI_2linesRxISR_8BITCRC  stm32l4xx_hal_spi.o
    0x08005990   0x08005990   0x0000004c   Code   RO         3985    i.SPI_2linesTxISR_16BIT  stm32l4xx_hal_spi.o
    0x080059dc   0x080059dc   0x00000062   Code   RO         3986    i.SPI_2linesTxISR_8BIT  stm32l4xx_hal_spi.o
    0x08005a3e   0x08005a3e   0x00000072   Code   RO         3989    i.SPI_CloseRxTx_ISR  stm32l4xx_hal_spi.o
    0x08005ab0   0x08005ab0   0x0000005a   Code   RO         3990    i.SPI_CloseRx_ISR   stm32l4xx_hal_spi.o
    0x08005b0a   0x08005b0a   0x0000004c   Code   RO         3991    i.SPI_CloseTx_ISR   stm32l4xx_hal_spi.o
    0x08005b56   0x08005b56   0x00000012   Code   RO         3992    i.SPI_DMAAbortOnError  stm32l4xx_hal_spi.o
    0x08005b68   0x08005b68   0x00000074   Code   RO         4002    i.SPI_EndRxTransaction  stm32l4xx_hal_spi.o
    0x08005bdc   0x08005bdc   0x00000048   Code   RO         4003    i.SPI_EndRxTxTransaction  stm32l4xx_hal_spi.o
    0x08005c24   0x08005c24   0x00000050   Code   RO         4004    i.SPI_RxISR_16BIT   stm32l4xx_hal_spi.o
    0x08005c74   0x08005c74   0x00000016   Code   RO         4005    i.SPI_RxISR_16BITCRC  stm32l4xx_hal_spi.o
    0x08005c8a   0x08005c8a   0x00000002   PAD
    0x08005c8c   0x08005c8c   0x00000050   Code   RO         4006    i.SPI_RxISR_8BIT    stm32l4xx_hal_spi.o
    0x08005cdc   0x08005cdc   0x0000001a   Code   RO         4007    i.SPI_RxISR_8BITCRC  stm32l4xx_hal_spi.o
    0x08005cf6   0x08005cf6   0x00000032   Code   RO         4008    i.SPI_TxISR_16BIT   stm32l4xx_hal_spi.o
    0x08005d28   0x08005d28   0x00000032   Code   RO         4009    i.SPI_TxISR_8BIT    stm32l4xx_hal_spi.o
    0x08005d5a   0x08005d5a   0x00000002   PAD
    0x08005d5c   0x08005d5c   0x00000010   Code   RO          371    i.SPI_WIFI_DeInit   es_wifi_io.o
    0x08005d6c   0x08005d6c   0x00000004   Code   RO          372    i.SPI_WIFI_Delay    es_wifi_io.o
    0x08005d70   0x08005d70   0x00000068   Code   RO          373    i.SPI_WIFI_DelayUs  es_wifi_io.o
    0x08005dd8   0x08005dd8   0x00000014   Code   RO          374    i.SPI_WIFI_ISR      es_wifi_io.o
    0x08005dec   0x08005dec   0x0000007c   Code   RO          375    i.SPI_WIFI_Init     es_wifi_io.o
    0x08005e68   0x08005e68   0x0000010c   Code   RO          376    i.SPI_WIFI_MspInit  es_wifi_io.o
    0x08005f74   0x08005f74   0x000000fe   Code   RO          377    i.SPI_WIFI_ReceiveData  es_wifi_io.o
    0x08006072   0x08006072   0x00000002   PAD
    0x08006074   0x08006074   0x000000e2   Code   RO          378    i.SPI_WIFI_ResetModule  es_wifi_io.o
    0x08006156   0x08006156   0x00000002   PAD
    0x08006158   0x08006158   0x000000b6   Code   RO          379    i.SPI_WIFI_SendData  es_wifi_io.o
    0x0800620e   0x0800620e   0x00000002   PAD
    0x08006210   0x08006210   0x000000d2   Code   RO         4010    i.SPI_WaitFifoStateUntilTimeout  stm32l4xx_hal_spi.o
    0x080062e2   0x080062e2   0x00000002   PAD
    0x080062e4   0x080062e4   0x000000b8   Code   RO         4011    i.SPI_WaitFlagStateUntilTimeout  stm32l4xx_hal_spi.o
    0x0800639c   0x0800639c   0x00000002   Code   RO         1195    i.SVC_Handler       stm32l4xx_it.o
    0x0800639e   0x0800639e   0x00000004   Code   RO         1196    i.SysTick_Handler   stm32l4xx_it.o
    0x080063a2   0x080063a2   0x00000002   PAD
    0x080063a4   0x080063a4   0x00000044   Code   RO         1308    i.SystemInit        system_stm32l4xx.o
    0x080063e8   0x080063e8   0x0000000c   Code   RO         1197    i.TIM1_UP_TIM16_IRQHandler  stm32l4xx_it.o
    0x080063f4   0x080063f4   0x0000000c   Code   RO         1198    i.TIM2_IRQHandler   stm32l4xx_it.o
    0x08006400   0x08006400   0x000000c0   Code   RO         4418    i.TIM_Base_SetConfig  stm32l4xx_hal_tim.o
    0x080064c0   0x080064c0   0x000000c8   Code   RO         5367    i.UART_AdvFeatureConfig  stm32l4xx_hal_uart.o
    0x08006588   0x08006588   0x00000060   Code   RO         5368    i.UART_CheckIdleState  stm32l4xx_hal_uart.o
    0x080065e8   0x080065e8   0x0000029c   Code   RO         5385    i.UART_SetConfig    stm32l4xx_hal_uart.o
    0x08006884   0x08006884   0x000000a4   Code   RO         5392    i.UART_WaitOnFlagUntilTimeout  stm32l4xx_hal_uart.o
    0x08006928   0x08006928   0x00000002   Code   RO         1199    i.UsageFault_Handler  stm32l4xx_it.o
    0x0800692a   0x0800692a   0x00000002   PAD
    0x0800692c   0x0800692c   0x00000054   Code   RO          795    i.VL53L0X_GetRead   main.o
    0x08006980   0x08006980   0x00000028   Code   RO          796    i.VL53L0X_init      main.o
    0x080069a8   0x080069a8   0x00000024   Code   RO          596    i.WIFI_Connect      wifi.o
    0x080069cc   0x080069cc   0x00000024   Code   RO          599    i.WIFI_GetIP_Address  wifi.o
    0x080069f0   0x080069f0   0x00000018   Code   RO          600    i.WIFI_GetMAC_Address  wifi.o
    0x08006a08   0x08006a08   0x00000040   Code   RO          605    i.WIFI_Init         wifi.o
    0x08006a48   0x08006a48   0x00000050   Code   RO          608    i.WIFI_OpenClientConnection  wifi.o
    0x08006a98   0x08006a98   0x00000024   Code   RO          613    i.WIFI_SendData     wifi.o
    0x08006abc   0x08006abc   0x00000020   Code   RO         6327    i.__0printf         mc_w.l(printfa.o)
    0x08006adc   0x08006adc   0x00000028   Code   RO         6329    i.__0sprintf        mc_w.l(printfa.o)
    0x08006b04   0x08006b04   0x00000020   Code   RO         1754    i.__NVIC_SetPriority  stm32l4xx_hal_cortex.o
    0x08006b24   0x08006b24   0x0000000e   Code   RO         6435    i.__scatterload_copy  mc_w.l(handlers.o)
    0x08006b32   0x08006b32   0x00000002   Code   RO         6436    i.__scatterload_null  mc_w.l(handlers.o)
    0x08006b34   0x08006b34   0x0000000e   Code   RO         6437    i.__scatterload_zeroinit  mc_w.l(handlers.o)
    0x08006b42   0x08006b42   0x00000002   PAD
    0x08006b44   0x08006b44   0x0000018a   Code   RO         6334    i._fp_digits        mc_w.l(printfa.o)
    0x08006cce   0x08006cce   0x00000002   PAD
    0x08006cd0   0x08006cd0   0x000006ba   Code   RO         6335    i._printf_core      mc_w.l(printfa.o)
    0x0800738a   0x0800738a   0x00000024   Code   RO         6336    i._printf_post_padding  mc_w.l(printfa.o)
    0x080073ae   0x080073ae   0x0000002e   Code   RO         6337    i._printf_pre_padding  mc_w.l(printfa.o)
    0x080073dc   0x080073dc   0x0000000a   Code   RO         6339    i._sputc            mc_w.l(printfa.o)
    0x080073e6   0x080073e6   0x00000002   PAD
    0x080073e8   0x080073e8   0x00000028   Code   RO          797    i.fgetc             main.o
    0x08007410   0x08007410   0x00000018   Code   RO          798    i.fputc             main.o
    0x08007428   0x08007428   0x00000004   Code   RO         6063    i.getc              mc_w.l(getc.o)
    0x0800742c   0x0800742c   0x00000030   Code   RO         6065    i.gets              mc_w.l(gets.o)
    0x0800745c   0x0800745c   0x000002e4   Code   RO          799    i.main              main.o
    0x08007740   0x08007740   0x00000030   Code   RO          380    i.wait_spi_tx_event  es_wifi_io.o
    0x08007770   0x08007770   0x00000318   Code   RO          800    i.wifi_connect      main.o
    0x08007a88   0x08007a88   0x000000c8   Code   RO          801    i.wifi_start        main.o
    0x08007b50   0x08007b50   0x00000040   Data   RO         1309    .constdata          system_stm32l4xx.o
    0x08007b90   0x08007b90   0x00000008   Data   RO         1310    .constdata          system_stm32l4xx.o
    0x08007b98   0x08007b98   0x00000018   Data   RO         5393    .constdata          stm32l4xx_hal_uart.o
    0x08007bb0   0x08007bb0   0x00000010   Data   RO         5889    .constdata          stm32l4s5i_iot01.o
    0x08007bc0   0x08007bc0   0x000000bd   Data   RO          804    .conststring        main.o
    0x08007c7d   0x08007c7d   0x00000003   PAD
    0x08007c80   0x08007c80   0x00000030   Data   RO         6433    Region$$Table       anon$$obj.o


    Execution Region RW_IRAM2 (Exec base: 0x10000000, Load base: 0x08007dbc, Size: 0x00000000, Max: 0x00008000, ABSOLUTE)

    **** No section assigned to this execution region ****


    Execution Region RW_IRAM1 (Exec base: 0x20000000, Load base: 0x08007cb0, Size: 0x00009948, Max: 0x00018000, ABSOLUTE)

    Exec Addr    Load Addr    Size         Type   Attr      Idx    E Section Name        Object

    0x20000000   0x08007cb0   0x00000010   Data   RW          382    .data               es_wifi_io.o
    0x20000010   0x08007cc0   0x0000009e   Data   RW          805    .data               main.o
    0x200000ae   0x08007d5e   0x00000002   PAD
    0x200000b0   0x08007d60   0x00000004   Data   RW         1311    .data               system_stm32l4xx.o
    0x200000b4   0x08007d64   0x00000008   Data   RW         1354    .data               stm32l4xx_hal_msp.o
    0x200000bc   0x08007d6c   0x0000000c   Data   RW         1501    .data               stm32l4xx_hal.o
    0x200000c8   0x08007d78   0x00000004   Data   RW         1941    .data               stm32l4xx_hal_dfsdm.o
    0x200000cc   0x08007d7c   0x00000020   Data   RW         2493    .data               stm32l4xx_hal_flash.o
    0x200000ec   0x08007d9c   0x00000014   Data   RW         5890    .data               stm32l4s5i_iot01.o
    0x20000100   0x08007db0   0x00000004   Data   RW         6067    .data               mc_w.l(stdin.o)
    0x20000104   0x08007db4   0x00000004   Data   RW         6090    .data               mc_w.l(strtok_r.o)
    0x20000108   0x08007db8   0x00000004   Data   RW         6411    .data               mc_w.l(stdout.o)
    0x2000010c        -       0x00000064   Zero   RW          381    .bss                es_wifi_io.o
    0x20000170        -       0x00000900   Zero   RW          620    .bss                wifi.o
    0x20000a70        -       0x00000e7c   Zero   RW          802    .bss                main.o
    0x200018ec        -       0x00000060   Zero   RW          803    .bss                main.o
    0x2000194c        -       0x0000004c   Zero   RW         1423    .bss                stm32l4xx_hal_timebase_tim.o
    0x20001998        -       0x00000020   Zero   RW         1940    .bss                stm32l4xx_hal_dfsdm.o
    0x200019b8        -       0x00000090   Zero   RW         5888    .bss                stm32l4s5i_iot01.o
    0x20001a48        -       0x00007f00   Zero   RW         1456    STACK               startup_stm32l4s5xx.o



  Load Region LR_uninit_fixed_loc (Base: 0x080ff000, Size: 0x00000000, Max: 0xffffffff, ABSOLUTE)

    Execution Region ER_uninit_fixed_loc (Exec base: 0x080ff000, Load base: 0x080ff000, Size: 0x000000d8, Max: 0x00002000, ABSOLUTE)

    Exec Addr    Load Addr    Size         Type   Attr      Idx    E Section Name        Object

    0x080ff000        -       0x000000d8   Zero   RW          812    UNINIT_FIXED_LOC    main.o


==============================================================================

Image component sizes


      Code (inc. data)   RO Data    RW Data    ZI Data      Debug   Object Name

      1800        240          0          0          0      22419   es_wifi.o
      1286        104          0         16        100     979326   es_wifi_io.o
       534        148          0          0          0       4433   flash_l4.o
      4124        908        189        158       4020     933983   main.o
        36          8        444          0      32512        848   startup_stm32l4s5xx.o
       380         42         16         20        144       8667   stm32l4s5i_iot01.o
        94         14          0         12          0      15990   stm32l4xx_hal.o
       158         14          0          0          0      33254   stm32l4xx_hal_cortex.o
       954         52          0          4         32       8789   stm32l4xx_hal_dfsdm.o
       798         30          0          0          0       6741   stm32l4xx_hal_dma.o
       184          4          0          0          0       2001   stm32l4xx_hal_dma_ex.o
       414         58          0         32          0      24903   stm32l4xx_hal_flash.o
       434         28          0          0          0       3926   stm32l4xx_hal_flash_ex.o
       534         48          0          0          0       3998   stm32l4xx_hal_gpio.o
      2844         70          0          0          0      24106   stm32l4xx_hal_i2c.o
       168          0          0          0          0       2043   stm32l4xx_hal_i2c_ex.o
       652         64          0          8          0       4523   stm32l4xx_hal_msp.o
        40          4          0          0          0        708   stm32l4xx_hal_pwr_ex.o
      2320        128          0          0          0       8869   stm32l4xx_hal_rcc.o
      1646         52          0          0          0       4372   stm32l4xx_hal_rcc_ex.o
      4362         68          0          0          0      27582   stm32l4xx_hal_spi.o
       814         60          0          0          0       7257   stm32l4xx_hal_tim.o
         6          0          0          0          0       2332   stm32l4xx_hal_tim_ex.o
       116         18          0          0         76       1527   stm32l4xx_hal_timebase_tim.o
      1680         70         24          0          0      27632   stm32l4xx_hal_uart.o
       106         36          0          0          0       8519   stm32l4xx_it.o
        68         12         72          4          0       1341   system_stm32l4xx.o
       276         46          0          0       2304       6486   wifi.o

    ----------------------------------------------------------------------
     26892       2326        796        256      39188    2176575   Object Totals
         0          0         48          0          0          0   (incl. Generated)
        64          0          3          2          0          0   (incl. Padding)

    ----------------------------------------------------------------------

      Code (inc. data)   RO Data    RW Data    ZI Data      Debug   Library Member Name

         0          0          0          0          0          0   entry.o
         0          0          0          0          0          0   entry10a.o
         0          0          0          0          0          0   entry11a.o
         4          0          0          0          0          0   entry12b.o
         8          4          0          0          0          0   entry2.o
         4          0          0          0          0          0   entry5.o
         0          0          0          0          0          0   entry7b.o
         0          0          0          0          0          0   entry8b.o
         8          4          0          0          0          0   entry9a.o
         4          0          0          0          0         68   getc.o
        48          6          0          0          0         80   gets.o
        30          0          0          0          0          0   handlers.o
        36          8          0          0          0         68   init.o
         0          0          0          0          0          0   iusefp.o
        30          0          0          0          0         68   llshl.o
        36          0          0          0          0         68   llsshr.o
        32          0          0          0          0         68   llushr.o
        36          0          0          0          0         68   memcpya.o
        36          0          0          0          0        108   memseta.o
      2280         96          0          0          0        616   printfa.o
         0          0          0          4          0          0   stdin.o
         0          0          0          4          0          0   stdout.o
        18          0          0          0          0         68   strcpy.o
        14          0          0          0          0         68   strlen.o
        24          0          0          0          0         76   strncpy.o
        36          0          0          0          0         80   strstr.o
        68          4          0          4          0         96   strtok_r.o
        44          0          0          0          0         80   uidiv.o
       104          0          0          0          0         92   uldiv.o
        48          0          0          0          0         68   cdrcmple.o
        56          0          0          0          0         88   d2f.o
       350          0          0          0          0        148   dadd.o
       222          0          0          0          0        100   ddiv.o
       186          0          0          0          0        176   depilogue.o
        48          0          0          0          0         68   dfixul.o
        34          0          0          0          0         76   dflti.o
       234          0          0          0          0         96   dmul.o
        38          0          0          0          0         68   f2d.o
       110          0          0          0          0        168   fepilogue.o

    ----------------------------------------------------------------------
      4232        122          0         12          0       2828   Library Totals
         6          0          0          0          0          0   (incl. Padding)

    ----------------------------------------------------------------------

      Code (inc. data)   RO Data    RW Data    ZI Data      Debug   Library Name

      2900        122          0         12          0       1772   mc_w.l
      1326          0          0          0          0       1056   mf_w.l

    ----------------------------------------------------------------------
      4232        122          0         12          0       2828   Library Totals

    ----------------------------------------------------------------------

==============================================================================


      Code (inc. data)   RO Data    RW Data    ZI Data      Debug   

     31124       2448        796        268      39188    2156599   Grand Totals
     31124       2448        796        268      39188    2156599   ELF Image Totals
     31124       2448        796        268          0          0   ROM Totals

==============================================================================

    Total RO  Size (Code + RO Data)                31920 (  31.17kB)
    Total RW  Size (RW Data + ZI Data)             39456 (  38.53kB)
    Total ROM Size (Code + RO Data + RW Data)      32188 (  31.43kB)

==============================================================================

